#-----------------------------------------------------------
# Vivado v2023.2 (64-bit)
# SW Build 4029153 on Fri Oct 13 20:14:34 MDT 2023
# IP Build 4028589 on Sat Oct 14 00:45:43 MDT 2023
# SharedData Build 4025554 on Tue Oct 10 17:18:54 MDT 2023
# Start of session at: Mon Sep  7 11:31:31 2026
# Process ID: 1444
# Current directory: C:/Users/justi/Documents/ESFA-Verilog-FPGA-Implementation/boards/Basys3/Basys3.runs/system_clock_synth_1
# Command line: vivado.exe -log system_clock.vds -product Vivado -mode batch -messageDb vivado.pb -notrace -source system_clock.tcl
# Log file: C:/Users/justi/Documents/ESFA-Verilog-FPGA-Implementation/boards/Basys3/Basys3.runs/system_clock_synth_1/system_clock.vds
# Journal file: C:/Users/justi/Documents/ESFA-Verilog-FPGA-Implementation/boards/Basys3/Basys3.runs/system_clock_synth_1\vivado.jou
# Running On: Justin, OS: Windows, CPU Frequency: 3793 MHz, CPU Physical cores: 16, Host memory: 16474 MB
#-----------------------------------------------------------
source system_clock.tcl -notrace
