
*** Running vivado
    with args -log Sandbox.vdi -applog -m64 -product Vivado -messageDb vivado.pb -mode batch -source Sandbox.tcl -notrace


ECHO is off.
ECHO is off.

****** Vivado v2023.2 (64-bit)
  **** SW Build 4029153 on Fri Oct 13 20:14:34 MDT 2023
  **** IP Build 4028589 on Sat Oct 14 00:45:43 MDT 2023
  **** SharedData Build 4025554 on Tue Oct 10 17:18:54 MDT 2023
    ** Copyright 1986-2022 Xilinx, Inc. All Rights Reserved.
    ** Copyright 2022-2023 Advanced Micro Devices, Inc. All Rights Reserved.

source Sandbox.tcl -notrace
Command: link_design -top Sandbox -part xc7a35tcpg236-1
Design is defaulting to srcset: sources_1
Design is defaulting to constrset: constrs_1
INFO: [Device 21-403] Loading part xc7a35tcpg236-1
INFO: [Project 1-454] Reading design checkpoint 'c:/Users/justi/Documents/ESFA-Verilog-FPGA-Implementation/boards/Basys3/Basys3.gen/sources_1/ip/system_clock/system_clock.dcp' for cell 'system_clock_inst'
INFO: [Project 1-454] Reading design checkpoint 'C:/Users/justi/Documents/ESFA-Verilog-FPGA-Implementation/boards/Basys3/Basys3.runs/impl_1/.Xil/Vivado-8324-Justin/blk_mem_gen_0/blk_mem_gen_0.dcp' for cell 'process/top/blockROM'
Netlist sorting complete. Time (s): cpu = 00:00:00 ; elapsed = 00:00:00.016 . Memory (MB): peak = 917.695 ; gain = 0.000
INFO: [Netlist 29-17] Analyzing 125 Unisim elements for replacement
INFO: [Netlist 29-28] Unisim Transformation completed in 0 CPU seconds
INFO: [Project 1-479] Netlist was created with Vivado 2023.2
INFO: [Project 1-570] Preparing netlist for logic optimization
Parsing XDC File [c:/Users/justi/Documents/ESFA-Verilog-FPGA-Implementation/boards/Basys3/Basys3.gen/sources_1/ip/system_clock/system_clock_board.xdc] for cell 'system_clock_inst/inst'
Finished Parsing XDC File [c:/Users/justi/Documents/ESFA-Verilog-FPGA-Implementation/boards/Basys3/Basys3.gen/sources_1/ip/system_clock/system_clock_board.xdc] for cell 'system_clock_inst/inst'
Parsing XDC File [c:/Users/justi/Documents/ESFA-Verilog-FPGA-Implementation/boards/Basys3/Basys3.gen/sources_1/ip/system_clock/system_clock.xdc] for cell 'system_clock_inst/inst'
INFO: [Timing 38-35] Done setting XDC timing constraints. [c:/Users/justi/Documents/ESFA-Verilog-FPGA-Implementation/boards/Basys3/Basys3.gen/sources_1/ip/system_clock/system_clock.xdc:54]
INFO: [Timing 38-2] Deriving generated clocks [c:/Users/justi/Documents/ESFA-Verilog-FPGA-Implementation/boards/Basys3/Basys3.gen/sources_1/ip/system_clock/system_clock.xdc:54]
get_clocks: Time (s): cpu = 00:00:05 ; elapsed = 00:00:05 . Memory (MB): peak = 1605.234 ; gain = 575.961
Finished Parsing XDC File [c:/Users/justi/Documents/ESFA-Verilog-FPGA-Implementation/boards/Basys3/Basys3.gen/sources_1/ip/system_clock/system_clock.xdc] for cell 'system_clock_inst/inst'
Parsing XDC File [C:/Users/justi/Documents/ESFA-Verilog-FPGA-Implementation/boards/Basys3/constraints/constraints.xdc]
Finished Parsing XDC File [C:/Users/justi/Documents/ESFA-Verilog-FPGA-Implementation/boards/Basys3/constraints/constraints.xdc]
INFO: [Opt 31-138] Pushed 0 inverter(s) to 0 load pin(s).
Netlist sorting complete. Time (s): cpu = 00:00:00 ; elapsed = 00:00:00 . Memory (MB): peak = 1605.234 ; gain = 0.000
INFO: [Project 1-111] Unisim Transformation Summary:
No Unisim elements were transformed.

The system cannot find the path specified.
11 Infos, 0 Warnings, 0 Critical Warnings and 0 Errors encountered.
link_design completed successfully
link_design: Time (s): cpu = 00:00:09 ; elapsed = 00:00:10 . Memory (MB): peak = 1605.234 ; gain = 1106.395
Command: opt_design
Attempting to get a license for feature 'Implementation' and/or device 'xc7a35t'
INFO: [Common 17-349] Got license for feature 'Implementation' and/or device 'xc7a35t'
Running DRC as a precondition to command opt_design

Starting DRC Task
INFO: [DRC 23-27] Running DRC with 2 threads
INFO: [Project 1-461] DRC finished with 0 Errors
INFO: [Project 1-462] Please refer to the DRC report (report_drc) for more information.

Time (s): cpu = 00:00:02 ; elapsed = 00:00:00.891 . Memory (MB): peak = 1605.234 ; gain = 0.000

Starting Cache Timing Information Task
INFO: [Timing 38-35] Done setting XDC timing constraints.
INFO: [Timing 38-2] Deriving generated clocks
Ending Cache Timing Information Task | Checksum: eb203e83

Time (s): cpu = 00:00:00 ; elapsed = 00:00:00.079 . Memory (MB): peak = 1627.188 ; gain = 21.953

Starting Logic Optimization Task

Phase 1 Initialization

Phase 1.1 Core Generation And Design Setup
Phase 1.1 Core Generation And Design Setup | Checksum: eb203e83

Time (s): cpu = 00:00:00 ; elapsed = 00:00:00.003 . Memory (MB): peak = 1980.906 ; gain = 0.000

Phase 1.2 Setup Constraints And Sort Netlist
Phase 1.2 Setup Constraints And Sort Netlist | Checksum: eb203e83

Time (s): cpu = 00:00:00 ; elapsed = 00:00:00.005 . Memory (MB): peak = 1980.906 ; gain = 0.000
Phase 1 Initialization | Checksum: eb203e83

Time (s): cpu = 00:00:00 ; elapsed = 00:00:00.005 . Memory (MB): peak = 1980.906 ; gain = 0.000

Phase 2 Timer Update And Timing Data Collection

Phase 2.1 Timer Update
Phase 2.1 Timer Update | Checksum: eb203e83

Time (s): cpu = 00:00:00 ; elapsed = 00:00:00.089 . Memory (MB): peak = 1980.906 ; gain = 0.000

Phase 2.2 Timing Data Collection
Phase 2.2 Timing Data Collection | Checksum: eb203e83

Time (s): cpu = 00:00:00 ; elapsed = 00:00:00.096 . Memory (MB): peak = 1980.906 ; gain = 0.000
Phase 2 Timer Update And Timing Data Collection | Checksum: eb203e83

Time (s): cpu = 00:00:00 ; elapsed = 00:00:00.097 . Memory (MB): peak = 1980.906 ; gain = 0.000

Phase 3 Retarget
INFO: [Opt 31-138] Pushed 0 inverter(s) to 0 load pin(s).
INFO: [Opt 31-49] Retargeted 0 cell(s).
Phase 3 Retarget | Checksum: eb203e83

Time (s): cpu = 00:00:00 ; elapsed = 00:00:00.121 . Memory (MB): peak = 1980.906 ; gain = 0.000
Retarget | Checksum: eb203e83
INFO: [Opt 31-389] Phase Retarget created 0 cells and removed 0 cells
INFO: [Opt 31-1021] In phase Retarget, 1 netlist objects are constrained preventing optimization. Please run opt_design with -debug_log to get more detail. 

Phase 4 Constant propagation
INFO: [Opt 31-138] Pushed 0 inverter(s) to 0 load pin(s).
Phase 4 Constant propagation | Checksum: eb203e83

Time (s): cpu = 00:00:00 ; elapsed = 00:00:00.135 . Memory (MB): peak = 1980.906 ; gain = 0.000
Constant propagation | Checksum: eb203e83
INFO: [Opt 31-389] Phase Constant propagation created 0 cells and removed 0 cells

Phase 5 Sweep
Phase 5 Sweep | Checksum: 102fc3939

Time (s): cpu = 00:00:00 ; elapsed = 00:00:00.159 . Memory (MB): peak = 1980.906 ; gain = 0.000
Sweep | Checksum: 102fc3939
INFO: [Opt 31-389] Phase Sweep created 0 cells and removed 0 cells

Phase 6 BUFG optimization
Phase 6 BUFG optimization | Checksum: 102fc3939

Time (s): cpu = 00:00:00 ; elapsed = 00:00:00.206 . Memory (MB): peak = 1980.906 ; gain = 0.000
BUFG optimization | Checksum: 102fc3939
INFO: [Opt 31-662] Phase BUFG optimization created 0 cells of which 0 are BUFGs and removed 0 cells.

Phase 7 Shift Register Optimization
INFO: [Opt 31-1064] SRL Remap converted 0 SRLs to 0 registers and converted 0 registers of register chains to 0 SRLs
Phase 7 Shift Register Optimization | Checksum: 102fc3939

Time (s): cpu = 00:00:00 ; elapsed = 00:00:00.209 . Memory (MB): peak = 1980.906 ; gain = 0.000
Shift Register Optimization | Checksum: 102fc3939
INFO: [Opt 31-389] Phase Shift Register Optimization created 0 cells and removed 0 cells

Phase 8 Post Processing Netlist
Phase 8 Post Processing Netlist | Checksum: 102fc3939

Time (s): cpu = 00:00:00 ; elapsed = 00:00:00.214 . Memory (MB): peak = 1980.906 ; gain = 0.000
Post Processing Netlist | Checksum: 102fc3939
INFO: [Opt 31-389] Phase Post Processing Netlist created 0 cells and removed 0 cells

Phase 9 Finalization

Phase 9.1 Finalizing Design Cores and Updating Shapes
Phase 9.1 Finalizing Design Cores and Updating Shapes | Checksum: 1a43fcb60

Time (s): cpu = 00:00:00 ; elapsed = 00:00:00.256 . Memory (MB): peak = 1980.906 ; gain = 0.000

Phase 9.2 Verifying Netlist Connectivity

Starting Connectivity Check Task

Time (s): cpu = 00:00:00 ; elapsed = 00:00:00.004 . Memory (MB): peak = 1980.906 ; gain = 0.000
Phase 9.2 Verifying Netlist Connectivity | Checksum: 1a43fcb60

Time (s): cpu = 00:00:00 ; elapsed = 00:00:00.260 . Memory (MB): peak = 1980.906 ; gain = 0.000
Phase 9 Finalization | Checksum: 1a43fcb60

Time (s): cpu = 00:00:00 ; elapsed = 00:00:00.261 . Memory (MB): peak = 1980.906 ; gain = 0.000
Opt_design Change Summary
=========================


-------------------------------------------------------------------------------------------------------------------------
|  Phase                        |  #Cells created  |  #Cells Removed  |  #Constrained objects preventing optimizations  |
-------------------------------------------------------------------------------------------------------------------------
|  Retarget                     |               0  |               0  |                                              1  |
|  Constant propagation         |               0  |               0  |                                              0  |
|  Sweep                        |               0  |               0  |                                              0  |
|  BUFG optimization            |               0  |               0  |                                              0  |
|  Shift Register Optimization  |               0  |               0  |                                              0  |
|  Post Processing Netlist      |               0  |               0  |                                              0  |
-------------------------------------------------------------------------------------------------------------------------


Ending Logic Optimization Task | Checksum: 1a43fcb60

Time (s): cpu = 00:00:00 ; elapsed = 00:00:00.262 . Memory (MB): peak = 1980.906 ; gain = 0.000
INFO: [Constraints 18-11670] Building netlist checker database with flags, 0x8
Done building netlist checker database: Time (s): cpu = 00:00:00 ; elapsed = 00:00:00.001 . Memory (MB): peak = 1980.906 ; gain = 0.000

Starting Power Optimization Task
INFO: [Pwropt 34-132] Skipping clock gating for clocks with a period < 2.00 ns.
INFO: [Pwropt 34-9] Applying IDT optimizations ...
INFO: [Pwropt 34-10] Applying ODC optimizations ...
INFO: [Timing 38-35] Done setting XDC timing constraints.
Running Vector-less Activity Propagation...

Finished Running Vector-less Activity Propagation


Starting PowerOpt Patch Enables Task
INFO: [Pwropt 34-162] WRITE_MODE attribute of 0 BRAM(s) out of a total of 1 has been updated to save power. Run report_power_opt to get a complete listing of the BRAMs updated.
INFO: [Pwropt 34-201] Structural ODC has moved 0 WE to EN ports
Number of BRAM Ports augmented: 0 newly gated: 2 Total Ports: 2
Number of Flops added for Enable Generation: 3

Ending PowerOpt Patch Enables Task | Checksum: 1133d472b

Time (s): cpu = 00:00:00 ; elapsed = 00:00:00.016 . Memory (MB): peak = 2061.320 ; gain = 0.000
Ending Power Optimization Task | Checksum: 1133d472b

Time (s): cpu = 00:00:02 ; elapsed = 00:00:00.891 . Memory (MB): peak = 2061.320 ; gain = 80.414

Starting Final Cleanup Task

Starting Logic Optimization Task
INFO: [Timing 38-35] Done setting XDC timing constraints.
Ending Logic Optimization Task | Checksum: 1d3bd3e5a

Time (s): cpu = 00:00:00 ; elapsed = 00:00:00.187 . Memory (MB): peak = 2061.320 ; gain = 0.000
INFO: [Constraints 18-11670] Building netlist checker database with flags, 0x8
Done building netlist checker database: Time (s): cpu = 00:00:00 ; elapsed = 00:00:00.001 . Memory (MB): peak = 2061.320 ; gain = 0.000
Ending Final Cleanup Task | Checksum: 1d3bd3e5a

Time (s): cpu = 00:00:02 ; elapsed = 00:00:03 . Memory (MB): peak = 2061.320 ; gain = 0.000

Starting Netlist Obfuscation Task
Netlist sorting complete. Time (s): cpu = 00:00:00 ; elapsed = 00:00:00 . Memory (MB): peak = 2061.320 ; gain = 0.000
Ending Netlist Obfuscation Task | Checksum: 1d3bd3e5a

Time (s): cpu = 00:00:00 ; elapsed = 00:00:00.001 . Memory (MB): peak = 2061.320 ; gain = 0.000
INFO: [Common 17-83] Releasing license: Implementation
38 Infos, 0 Warnings, 0 Critical Warnings and 0 Errors encountered.
opt_design completed successfully
opt_design: Time (s): cpu = 00:00:08 ; elapsed = 00:00:07 . Memory (MB): peak = 2061.320 ; gain = 456.086
INFO: [runtcl-4] Executing : report_drc -file Sandbox_drc_opted.rpt -pb Sandbox_drc_opted.pb -rpx Sandbox_drc_opted.rpx
Command: report_drc -file Sandbox_drc_opted.rpt -pb Sandbox_drc_opted.pb -rpx Sandbox_drc_opted.rpx
INFO: [IP_Flow 19-1839] IP Catalog is up to date.
INFO: [DRC 23-27] Running DRC with 2 threads
INFO: [Vivado_Tcl 2-168] The results of DRC are in file C:/Users/justi/Documents/ESFA-Verilog-FPGA-Implementation/boards/Basys3/Basys3.runs/impl_1/Sandbox_drc_opted.rpt.
report_drc completed successfully
INFO: [Timing 38-480] Writing timing data to binary archive.
Write ShapeDB Complete: Time (s): cpu = 00:00:00 ; elapsed = 00:00:00.003 . Memory (MB): peak = 2061.320 ; gain = 0.000
Wrote PlaceDB: Time (s): cpu = 00:00:00 ; elapsed = 00:00:00.001 . Memory (MB): peak = 2061.320 ; gain = 0.000
Wrote PulsedLatchDB: Time (s): cpu = 00:00:00 ; elapsed = 00:00:00 . Memory (MB): peak = 2061.320 ; gain = 0.000
Writing XDEF routing.
Writing XDEF routing logical nets.
Writing XDEF routing special nets.
Wrote RouteStorage: Time (s): cpu = 00:00:00 ; elapsed = 00:00:00.016 . Memory (MB): peak = 2061.320 ; gain = 0.000
Wrote Netlist Cache: Time (s): cpu = 00:00:00 ; elapsed = 00:00:00 . Memory (MB): peak = 2061.320 ; gain = 0.000
Wrote Device Cache: Time (s): cpu = 00:00:00 ; elapsed = 00:00:00.004 . Memory (MB): peak = 2061.320 ; gain = 0.000
Write Physdb Complete: Time (s): cpu = 00:00:00 ; elapsed = 00:00:00.029 . Memory (MB): peak = 2061.320 ; gain = 0.000
INFO: [Common 17-1381] The checkpoint 'C:/Users/justi/Documents/ESFA-Verilog-FPGA-Implementation/boards/Basys3/Basys3.runs/impl_1/Sandbox_opt.dcp' has been generated.
Command: place_design
Attempting to get a license for feature 'Implementation' and/or device 'xc7a35t'
INFO: [Common 17-349] Got license for feature 'Implementation' and/or device 'xc7a35t'
INFO: [Common 17-83] Releasing license: Implementation
INFO: [DRC 23-27] Running DRC with 2 threads
INFO: [Vivado_Tcl 4-198] DRC finished with 0 Errors
INFO: [Vivado_Tcl 4-199] Please refer to the DRC report (report_drc) for more information.
Running DRC as a precondition to command place_design
INFO: [DRC 23-27] Running DRC with 2 threads
INFO: [Vivado_Tcl 4-198] DRC finished with 0 Errors
INFO: [Vivado_Tcl 4-199] Please refer to the DRC report (report_drc) for more information.
INFO: [Place 30-611] Multithreading enabled for place_design using a maximum of 2 CPUs

Starting Placer Task

Phase 1 Placer Initialization

Phase 1.1 Placer Initialization Netlist Sorting
Netlist sorting complete. Time (s): cpu = 00:00:00 ; elapsed = 00:00:00.001 . Memory (MB): peak = 2061.320 ; gain = 0.000
Phase 1.1 Placer Initialization Netlist Sorting | Checksum: e9ec775b

Time (s): cpu = 00:00:00 ; elapsed = 00:00:00.006 . Memory (MB): peak = 2061.320 ; gain = 0.000
Netlist sorting complete. Time (s): cpu = 00:00:00 ; elapsed = 00:00:00 . Memory (MB): peak = 2061.320 ; gain = 0.000

Phase 1.2 IO Placement/ Clock Placement/ Build Placer Device
WARNING: [Place 30-568] A LUT 'dataInterface/uart/receiver/dataCounter[3]_i_3' is driving clock pin of 6 registers. This could lead to large hold time violations. First few involved registers are:
	dataInterface/uart/receiver/dataCounter_reg[0] {FDRE}
	dataInterface/uart/receiver/dataCounter_reg[3] {FDRE}
	dataInterface/uart/receiver/dataCounter_reg[1] {FDRE}
	dataInterface/uart/receiver/dataCounter_reg[2] {FDRE}
	dataInterface/uart/receiver/register_reg[0] {FDRE}
INFO: [Timing 38-35] Done setting XDC timing constraints.
Phase 1.2 IO Placement/ Clock Placement/ Build Placer Device | Checksum: e428f03c

Time (s): cpu = 00:00:00 ; elapsed = 00:00:00.240 . Memory (MB): peak = 2061.320 ; gain = 0.000

Phase 1.3 Build Placer Netlist Model
Phase 1.3 Build Placer Netlist Model | Checksum: 1af59177f

Time (s): cpu = 00:00:01 ; elapsed = 00:00:00.684 . Memory (MB): peak = 2061.320 ; gain = 0.000

Phase 1.4 Constrain Clocks/Macros
Phase 1.4 Constrain Clocks/Macros | Checksum: 1af59177f

Time (s): cpu = 00:00:01 ; elapsed = 00:00:00.690 . Memory (MB): peak = 2061.320 ; gain = 0.000
Phase 1 Placer Initialization | Checksum: 1af59177f

Time (s): cpu = 00:00:01 ; elapsed = 00:00:00.700 . Memory (MB): peak = 2061.320 ; gain = 0.000

Phase 2 Global Placement

Phase 2.1 Floorplanning
Phase 2.1 Floorplanning | Checksum: 1c17acd82

Time (s): cpu = 00:00:01 ; elapsed = 00:00:00.869 . Memory (MB): peak = 2061.320 ; gain = 0.000

Phase 2.2 Update Timing before SLR Path Opt
Phase 2.2 Update Timing before SLR Path Opt | Checksum: 1716b9b9e

Time (s): cpu = 00:00:01 ; elapsed = 00:00:01 . Memory (MB): peak = 2061.320 ; gain = 0.000

Phase 2.3 Post-Processing in Floorplanning
Phase 2.3 Post-Processing in Floorplanning | Checksum: 1716b9b9e

Time (s): cpu = 00:00:01 ; elapsed = 00:00:01 . Memory (MB): peak = 2061.320 ; gain = 0.000

Phase 2.4 Global Placement Core

Phase 2.4.1 UpdateTiming Before Physical Synthesis
Phase 2.4.1 UpdateTiming Before Physical Synthesis | Checksum: 1c22d9347

Time (s): cpu = 00:00:04 ; elapsed = 00:00:03 . Memory (MB): peak = 2061.320 ; gain = 0.000

Phase 2.4.2 Physical Synthesis In Placer
INFO: [Physopt 32-1035] Found 0 LUTNM shape to break, 31 LUT instances to create LUTNM shape
INFO: [Physopt 32-1044] Break lutnm for timing: one critical 0, two critical 0, total 0, new lutff created 0
INFO: [Physopt 32-1138] End 1 Pass. Optimized 12 nets or LUTs. Breaked 0 LUT, combined 12 existing LUTs and moved 0 existing LUT
INFO: [Physopt 32-65] No nets found for high-fanout optimization.
INFO: [Physopt 32-232] Optimized 0 net. Created 0 new instance.
INFO: [Physopt 32-775] End 1 Pass. Optimized 0 net or cell. Created 0 new cell, deleted 0 existing cell and moved 0 existing cell
INFO: [Physopt 32-670] No setup violation found.  DSP Register Optimization was not performed.
INFO: [Physopt 32-670] No setup violation found.  Shift Register to Pipeline Optimization was not performed.
INFO: [Physopt 32-670] No setup violation found.  Shift Register Optimization was not performed.
INFO: [Physopt 32-670] No setup violation found.  BRAM Register Optimization was not performed.
INFO: [Physopt 32-670] No setup violation found.  URAM Register Optimization was not performed.
INFO: [Physopt 32-949] No candidate nets found for dynamic/static region interface net replication
INFO: [Physopt 32-775] End 1 Pass. Optimized 0 net or cell. Created 0 new cell, deleted 0 existing cell and moved 0 existing cell
Netlist sorting complete. Time (s): cpu = 00:00:00 ; elapsed = 00:00:00.001 . Memory (MB): peak = 2061.320 ; gain = 0.000

Summary of Physical Synthesis Optimizations
============================================


-----------------------------------------------------------------------------------------------------------------------------------------------------------
|  Optimization                                     |  Added Cells  |  Removed Cells  |  Optimized Cells/Nets  |  Dont Touch  |  Iterations  |  Elapsed   |
-----------------------------------------------------------------------------------------------------------------------------------------------------------
|  LUT Combining                                    |            0  |             12  |                    12  |           0  |           1  |  00:00:00  |
|  Retime                                           |            0  |              0  |                     0  |           0  |           1  |  00:00:00  |
|  Very High Fanout                                 |            0  |              0  |                     0  |           0  |           1  |  00:00:00  |
|  DSP Register                                     |            0  |              0  |                     0  |           0  |           0  |  00:00:00  |
|  Shift Register to Pipeline                       |            0  |              0  |                     0  |           0  |           0  |  00:00:00  |
|  Shift Register                                   |            0  |              0  |                     0  |           0  |           0  |  00:00:00  |
|  BRAM Register                                    |            0  |              0  |                     0  |           0  |           0  |  00:00:00  |
|  URAM Register                                    |            0  |              0  |                     0  |           0  |           0  |  00:00:00  |
|  Dynamic/Static Region Interface Net Replication  |            0  |              0  |                     0  |           0  |           1  |  00:00:00  |
|  Total                                            |            0  |             12  |                    12  |           0  |           4  |  00:00:00  |
-----------------------------------------------------------------------------------------------------------------------------------------------------------


Phase 2.4.2 Physical Synthesis In Placer | Checksum: 105116819

Time (s): cpu = 00:00:04 ; elapsed = 00:00:03 . Memory (MB): peak = 2061.320 ; gain = 0.000
Phase 2.4 Global Placement Core | Checksum: 78587370

Time (s): cpu = 00:00:04 ; elapsed = 00:00:03 . Memory (MB): peak = 2061.320 ; gain = 0.000
Phase 2 Global Placement | Checksum: 78587370

Time (s): cpu = 00:00:04 ; elapsed = 00:00:03 . Memory (MB): peak = 2061.320 ; gain = 0.000

Phase 3 Detail Placement

Phase 3.1 Commit Multi Column Macros
Phase 3.1 Commit Multi Column Macros | Checksum: c308c8c5

Time (s): cpu = 00:00:05 ; elapsed = 00:00:03 . Memory (MB): peak = 2061.320 ; gain = 0.000

Phase 3.2 Commit Most Macros & LUTRAMs
Phase 3.2 Commit Most Macros & LUTRAMs | Checksum: 134f31bfb

Time (s): cpu = 00:00:05 ; elapsed = 00:00:04 . Memory (MB): peak = 2061.320 ; gain = 0.000

Phase 3.3 Area Swap Optimization
Phase 3.3 Area Swap Optimization | Checksum: ffbc58e6

Time (s): cpu = 00:00:05 ; elapsed = 00:00:04 . Memory (MB): peak = 2061.320 ; gain = 0.000

Phase 3.4 Pipeline Register Optimization
Phase 3.4 Pipeline Register Optimization | Checksum: bcd7dfe5

Time (s): cpu = 00:00:05 ; elapsed = 00:00:04 . Memory (MB): peak = 2061.320 ; gain = 0.000

Phase 3.5 Small Shape Detail Placement
Phase 3.5 Small Shape Detail Placement | Checksum: a80d09e9

Time (s): cpu = 00:00:06 ; elapsed = 00:00:04 . Memory (MB): peak = 2061.320 ; gain = 0.000

Phase 3.6 Re-assign LUT pins
Phase 3.6 Re-assign LUT pins | Checksum: b9a2e70c

Time (s): cpu = 00:00:06 ; elapsed = 00:00:04 . Memory (MB): peak = 2061.320 ; gain = 0.000

Phase 3.7 Pipeline Register Optimization
Phase 3.7 Pipeline Register Optimization | Checksum: 17c7f7009

Time (s): cpu = 00:00:06 ; elapsed = 00:00:04 . Memory (MB): peak = 2061.320 ; gain = 0.000
Phase 3 Detail Placement | Checksum: 17c7f7009

Time (s): cpu = 00:00:06 ; elapsed = 00:00:04 . Memory (MB): peak = 2061.320 ; gain = 0.000

Phase 4 Post Placement Optimization and Clean-Up

Phase 4.1 Post Commit Optimization
INFO: [Timing 38-35] Done setting XDC timing constraints.

Phase 4.1.1 Post Placement Optimization
Post Placement Optimization Initialization | Checksum: 13fd8153d

Phase 4.1.1.1 BUFG Insertion

Starting Physical Synthesis Task

Phase 1 Physical Synthesis Initialization
INFO: [Physopt 32-721] Multithreading enabled for phys_opt_design using a maximum of 2 CPUs
INFO: [Physopt 32-619] Estimated Timing Summary | WNS=2.902 | TNS=0.000 |
Phase 1 Physical Synthesis Initialization | Checksum: 1f6a3c09c

Time (s): cpu = 00:00:01 ; elapsed = 00:00:00.105 . Memory (MB): peak = 2061.320 ; gain = 0.000
INFO: [Place 46-56] BUFG insertion identified 0 candidate nets. Inserted BUFG: 0, Replicated BUFG Driver: 0, Skipped due to Placement/Routing Conflicts: 0, Skipped due to Timing Degradation: 0, Skipped due to netlist editing failed: 0.
Ending Physical Synthesis Task | Checksum: 1f6a3c09c

Time (s): cpu = 00:00:01 ; elapsed = 00:00:00.123 . Memory (MB): peak = 2061.320 ; gain = 0.000
Phase 4.1.1.1 BUFG Insertion | Checksum: 13fd8153d

Time (s): cpu = 00:00:07 ; elapsed = 00:00:05 . Memory (MB): peak = 2061.320 ; gain = 0.000

Phase 4.1.1.2 Post Placement Timing Optimization
INFO: [Place 30-746] Post Placement Timing Summary WNS=2.902. For the most accurate timing information please run report_timing.
Phase 4.1.1.2 Post Placement Timing Optimization | Checksum: 154ebe95d

Time (s): cpu = 00:00:07 ; elapsed = 00:00:05 . Memory (MB): peak = 2061.320 ; gain = 0.000

Time (s): cpu = 00:00:07 ; elapsed = 00:00:05 . Memory (MB): peak = 2061.320 ; gain = 0.000
Phase 4.1 Post Commit Optimization | Checksum: 154ebe95d

Time (s): cpu = 00:00:07 ; elapsed = 00:00:05 . Memory (MB): peak = 2061.320 ; gain = 0.000

Phase 4.2 Post Placement Cleanup
Phase 4.2 Post Placement Cleanup | Checksum: 154ebe95d

Time (s): cpu = 00:00:07 ; elapsed = 00:00:05 . Memory (MB): peak = 2061.320 ; gain = 0.000

Phase 4.3 Placer Reporting

Phase 4.3.1 Print Estimated Congestion
INFO: [Place 30-612] Post-Placement Estimated Congestion 
 ____________________________________________________
|           | Global Congestion | Short Congestion  |
| Direction | Region Size       | Region Size       |
|___________|___________________|___________________|
|      North|                1x1|                1x1|
|___________|___________________|___________________|
|      South|                1x1|                2x2|
|___________|___________________|___________________|
|       East|                1x1|                1x1|
|___________|___________________|___________________|
|       West|                1x1|                1x1|
|___________|___________________|___________________|

Phase 4.3.1 Print Estimated Congestion | Checksum: 154ebe95d

Time (s): cpu = 00:00:07 ; elapsed = 00:00:05 . Memory (MB): peak = 2061.320 ; gain = 0.000
Phase 4.3 Placer Reporting | Checksum: 154ebe95d

Time (s): cpu = 00:00:07 ; elapsed = 00:00:05 . Memory (MB): peak = 2061.320 ; gain = 0.000

Phase 4.4 Final Placement Cleanup
Netlist sorting complete. Time (s): cpu = 00:00:00 ; elapsed = 00:00:00.001 . Memory (MB): peak = 2061.320 ; gain = 0.000

Time (s): cpu = 00:00:07 ; elapsed = 00:00:05 . Memory (MB): peak = 2061.320 ; gain = 0.000
Phase 4 Post Placement Optimization and Clean-Up | Checksum: 1735c339b

Time (s): cpu = 00:00:07 ; elapsed = 00:00:05 . Memory (MB): peak = 2061.320 ; gain = 0.000
Ending Placer Task | Checksum: 12b4343db

Time (s): cpu = 00:00:07 ; elapsed = 00:00:05 . Memory (MB): peak = 2061.320 ; gain = 0.000
73 Infos, 1 Warnings, 0 Critical Warnings and 0 Errors encountered.
place_design completed successfully
place_design: Time (s): cpu = 00:00:08 ; elapsed = 00:00:06 . Memory (MB): peak = 2061.320 ; gain = 0.000
INFO: [runtcl-4] Executing : report_io -file Sandbox_io_placed.rpt
report_io: Time (s): cpu = 00:00:00 ; elapsed = 00:00:00.031 . Memory (MB): peak = 2061.320 ; gain = 0.000
INFO: [runtcl-4] Executing : report_utilization -file Sandbox_utilization_placed.rpt -pb Sandbox_utilization_placed.pb
INFO: [runtcl-4] Executing : report_control_sets -verbose -file Sandbox_control_sets_placed.rpt
report_control_sets: Time (s): cpu = 00:00:00 ; elapsed = 00:00:00.007 . Memory (MB): peak = 2061.320 ; gain = 0.000
INFO: [Timing 38-480] Writing timing data to binary archive.
Write ShapeDB Complete: Time (s): cpu = 00:00:00 ; elapsed = 00:00:00.008 . Memory (MB): peak = 2061.320 ; gain = 0.000
Wrote PlaceDB: Time (s): cpu = 00:00:00 ; elapsed = 00:00:00.119 . Memory (MB): peak = 2061.320 ; gain = 0.000
Wrote PulsedLatchDB: Time (s): cpu = 00:00:00 ; elapsed = 00:00:00 . Memory (MB): peak = 2061.320 ; gain = 0.000
Writing XDEF routing.
Writing XDEF routing logical nets.
Writing XDEF routing special nets.
Wrote RouteStorage: Time (s): cpu = 00:00:00 ; elapsed = 00:00:00.017 . Memory (MB): peak = 2061.320 ; gain = 0.000
Wrote Netlist Cache: Time (s): cpu = 00:00:00 ; elapsed = 00:00:00.003 . Memory (MB): peak = 2061.320 ; gain = 0.000
Wrote Device Cache: Time (s): cpu = 00:00:00 ; elapsed = 00:00:00.005 . Memory (MB): peak = 2061.320 ; gain = 0.000
Write Physdb Complete: Time (s): cpu = 00:00:00 ; elapsed = 00:00:00.152 . Memory (MB): peak = 2061.320 ; gain = 0.000
INFO: [Common 17-1381] The checkpoint 'C:/Users/justi/Documents/ESFA-Verilog-FPGA-Implementation/boards/Basys3/Basys3.runs/impl_1/Sandbox_placed.dcp' has been generated.
Command: phys_opt_design
Attempting to get a license for feature 'Implementation' and/or device 'xc7a35t'
INFO: [Common 17-349] Got license for feature 'Implementation' and/or device 'xc7a35t'

Starting Initial Update Timing Task

Time (s): cpu = 00:00:00 ; elapsed = 00:00:00.340 . Memory (MB): peak = 2061.320 ; gain = 0.000
INFO: [Vivado_Tcl 4-383] Design worst setup slack (WNS) is greater than or equal to 0.000 ns. Skipping all physical synthesis optimizations.
INFO: [Vivado_Tcl 4-232] No setup violation found. The netlist was not modified.
INFO: [Common 17-83] Releasing license: Implementation
82 Infos, 1 Warnings, 0 Critical Warnings and 0 Errors encountered.
phys_opt_design completed successfully
INFO: [Timing 38-480] Writing timing data to binary archive.
Write ShapeDB Complete: Time (s): cpu = 00:00:00 ; elapsed = 00:00:00.005 . Memory (MB): peak = 2061.805 ; gain = 0.484
Wrote PlaceDB: Time (s): cpu = 00:00:01 ; elapsed = 00:00:00.158 . Memory (MB): peak = 2061.805 ; gain = 0.484
Wrote PulsedLatchDB: Time (s): cpu = 00:00:00 ; elapsed = 00:00:00 . Memory (MB): peak = 2061.805 ; gain = 0.000
Writing XDEF routing.
Writing XDEF routing logical nets.
Writing XDEF routing special nets.
Wrote RouteStorage: Time (s): cpu = 00:00:00 ; elapsed = 00:00:00.015 . Memory (MB): peak = 2061.805 ; gain = 0.000
Wrote Netlist Cache: Time (s): cpu = 00:00:00 ; elapsed = 00:00:00.003 . Memory (MB): peak = 2061.805 ; gain = 0.000
Wrote Device Cache: Time (s): cpu = 00:00:00 ; elapsed = 00:00:00.005 . Memory (MB): peak = 2061.805 ; gain = 0.000
Write Physdb Complete: Time (s): cpu = 00:00:01 ; elapsed = 00:00:00.188 . Memory (MB): peak = 2061.805 ; gain = 0.484
INFO: [Common 17-1381] The checkpoint 'C:/Users/justi/Documents/ESFA-Verilog-FPGA-Implementation/boards/Basys3/Basys3.runs/impl_1/Sandbox_physopt.dcp' has been generated.
Command: route_design
Attempting to get a license for feature 'Implementation' and/or device 'xc7a35t'
INFO: [Common 17-349] Got license for feature 'Implementation' and/or device 'xc7a35t'
Running DRC as a precondition to command route_design
INFO: [DRC 23-27] Running DRC with 2 threads
INFO: [Vivado_Tcl 4-198] DRC finished with 0 Errors
INFO: [Vivado_Tcl 4-199] Please refer to the DRC report (report_drc) for more information.


Starting Routing Task
INFO: [Route 35-254] Multithreading enabled for route_design using a maximum of 8 CPUs

Phase 1 Build RT Design
Checksum: PlaceDB: 92d24ce7 ConstDB: 0 ShapeSum: 9870f6f4 RouteDB: 0
Post Restoration Checksum: NetGraph: 19a2a372 | NumContArr: b4c3346c | Constraints: c2a8fa9d | Timing: c2a8fa9d
Phase 1 Build RT Design | Checksum: 253b7cd18

Time (s): cpu = 00:00:16 ; elapsed = 00:00:13 . Memory (MB): peak = 2149.656 ; gain = 81.168

Phase 2 Router Initialization

Phase 2.1 Fix Topology Constraints
Phase 2.1 Fix Topology Constraints | Checksum: 253b7cd18

Time (s): cpu = 00:00:16 ; elapsed = 00:00:13 . Memory (MB): peak = 2149.656 ; gain = 81.168

Phase 2.2 Pre Route Cleanup
Phase 2.2 Pre Route Cleanup | Checksum: 253b7cd18

Time (s): cpu = 00:00:16 ; elapsed = 00:00:13 . Memory (MB): peak = 2149.656 ; gain = 81.168
 Number of Nodes with overlaps = 0

Phase 2.3 Update Timing
Phase 2.3 Update Timing | Checksum: 1ee76db35

Time (s): cpu = 00:00:17 ; elapsed = 00:00:14 . Memory (MB): peak = 2175.156 ; gain = 106.668
INFO: [Route 35-416] Intermediate Timing Summary | WNS=3.240  | TNS=0.000  | WHS=-0.272 | THS=-44.356|


Router Utilization Summary
  Global Vertical Routing Utilization    = 0.00502272 %
  Global Horizontal Routing Utilization  = 0.00286309 %
  Routable Net Status*
  *Does not include unroutable nets such as driverless and loadless.
  Run report_route_status for detailed report.
  Number of Failed Nets               = 1703
    (Failed Nets is the sum of unrouted and partially routed nets)
  Number of Unrouted Nets             = 1700
  Number of Partially Routed Nets     = 3
  Number of Node Overlaps             = 2

Phase 2 Router Initialization | Checksum: 143b074e7

Time (s): cpu = 00:00:18 ; elapsed = 00:00:14 . Memory (MB): peak = 2184.074 ; gain = 115.586

Phase 3 Initial Routing

Phase 3.1 Global Routing
Phase 3.1 Global Routing | Checksum: 143b074e7

Time (s): cpu = 00:00:18 ; elapsed = 00:00:14 . Memory (MB): peak = 2184.074 ; gain = 115.586

Phase 3.2 Initial Net Routing
Phase 3.2 Initial Net Routing | Checksum: 354dc6667

Time (s): cpu = 00:00:18 ; elapsed = 00:00:14 . Memory (MB): peak = 2184.074 ; gain = 115.586
Phase 3 Initial Routing | Checksum: 354dc6667

Time (s): cpu = 00:00:18 ; elapsed = 00:00:14 . Memory (MB): peak = 2184.074 ; gain = 115.586

Phase 4 Rip-up And Reroute

Phase 4.1 Global Iteration 0
 Number of Nodes with overlaps = 452
 Number of Nodes with overlaps = 159
 Number of Nodes with overlaps = 78
 Number of Nodes with overlaps = 20
 Number of Nodes with overlaps = 9
 Number of Nodes with overlaps = 4
 Number of Nodes with overlaps = 2
 Number of Nodes with overlaps = 0
INFO: [Route 35-416] Intermediate Timing Summary | WNS=2.301  | TNS=0.000  | WHS=N/A    | THS=N/A    |

Phase 4.1 Global Iteration 0 | Checksum: 22381beb2

Time (s): cpu = 00:00:22 ; elapsed = 00:00:17 . Memory (MB): peak = 2184.074 ; gain = 115.586
Phase 4 Rip-up And Reroute | Checksum: 22381beb2

Time (s): cpu = 00:00:22 ; elapsed = 00:00:17 . Memory (MB): peak = 2184.074 ; gain = 115.586

Phase 5 Delay and Skew Optimization

Phase 5.1 Delay CleanUp

Phase 5.1.1 Update Timing
Phase 5.1.1 Update Timing | Checksum: 26cdff0e0

Time (s): cpu = 00:00:22 ; elapsed = 00:00:17 . Memory (MB): peak = 2184.074 ; gain = 115.586
INFO: [Route 35-416] Intermediate Timing Summary | WNS=2.380  | TNS=0.000  | WHS=N/A    | THS=N/A    |

Phase 5.1 Delay CleanUp | Checksum: 26cdff0e0

Time (s): cpu = 00:00:22 ; elapsed = 00:00:17 . Memory (MB): peak = 2184.074 ; gain = 115.586

Phase 5.2 Clock Skew Optimization
Phase 5.2 Clock Skew Optimization | Checksum: 26cdff0e0

Time (s): cpu = 00:00:22 ; elapsed = 00:00:17 . Memory (MB): peak = 2184.074 ; gain = 115.586
Phase 5 Delay and Skew Optimization | Checksum: 26cdff0e0

Time (s): cpu = 00:00:22 ; elapsed = 00:00:17 . Memory (MB): peak = 2184.074 ; gain = 115.586

Phase 6 Post Hold Fix

Phase 6.1 Hold Fix Iter

Phase 6.1.1 Update Timing
Phase 6.1.1 Update Timing | Checksum: 1d6031c32

Time (s): cpu = 00:00:22 ; elapsed = 00:00:17 . Memory (MB): peak = 2184.074 ; gain = 115.586
INFO: [Route 35-416] Intermediate Timing Summary | WNS=2.380  | TNS=0.000  | WHS=0.045  | THS=0.000  |

Phase 6.1 Hold Fix Iter | Checksum: 26b21c547

Time (s): cpu = 00:00:22 ; elapsed = 00:00:17 . Memory (MB): peak = 2184.074 ; gain = 115.586
Phase 6 Post Hold Fix | Checksum: 26b21c547

Time (s): cpu = 00:00:22 ; elapsed = 00:00:17 . Memory (MB): peak = 2184.074 ; gain = 115.586

Phase 7 Route finalize

Router Utilization Summary
  Global Vertical Routing Utilization    = 0.629435 %
  Global Horizontal Routing Utilization  = 0.649662 %
  Routable Net Status*
  *Does not include unroutable nets such as driverless and loadless.
  Run report_route_status for detailed report.
  Number of Failed Nets               = 0
    (Failed Nets is the sum of unrouted and partially routed nets)
  Number of Unrouted Nets             = 0
  Number of Partially Routed Nets     = 0
  Number of Node Overlaps             = 0

Phase 7 Route finalize | Checksum: 26b21c547

Time (s): cpu = 00:00:22 ; elapsed = 00:00:17 . Memory (MB): peak = 2184.074 ; gain = 115.586

Phase 8 Verifying routed nets

 Verification completed successfully
Phase 8 Verifying routed nets | Checksum: 26b21c547

Time (s): cpu = 00:00:22 ; elapsed = 00:00:17 . Memory (MB): peak = 2184.074 ; gain = 115.586

Phase 9 Depositing Routes
Phase 9 Depositing Routes | Checksum: 21217e269

Time (s): cpu = 00:00:22 ; elapsed = 00:00:17 . Memory (MB): peak = 2184.074 ; gain = 115.586

Phase 10 Post Router Timing
INFO: [Route 35-57] Estimated Timing Summary | WNS=2.380  | TNS=0.000  | WHS=0.045  | THS=0.000  |

INFO: [Route 35-327] The final timing numbers are based on the router estimated timing analysis. For a complete and accurate timing signoff, please run report_timing_summary.
Phase 10 Post Router Timing | Checksum: 21217e269

Time (s): cpu = 00:00:22 ; elapsed = 00:00:17 . Memory (MB): peak = 2184.074 ; gain = 115.586
INFO: [Route 35-16] Router Completed Successfully

Phase 11 Post-Route Event Processing
Phase 11 Post-Route Event Processing | Checksum: 1eb5212d5

Time (s): cpu = 00:00:22 ; elapsed = 00:00:17 . Memory (MB): peak = 2184.074 ; gain = 115.586
Ending Routing Task | Checksum: 1eb5212d5

Time (s): cpu = 00:00:22 ; elapsed = 00:00:17 . Memory (MB): peak = 2184.074 ; gain = 115.586

Routing Is Done.
INFO: [Common 17-83] Releasing license: Implementation
97 Infos, 1 Warnings, 0 Critical Warnings and 0 Errors encountered.
route_design completed successfully
route_design: Time (s): cpu = 00:00:23 ; elapsed = 00:00:18 . Memory (MB): peak = 2184.074 ; gain = 122.270
INFO: [runtcl-4] Executing : report_drc -file Sandbox_drc_routed.rpt -pb Sandbox_drc_routed.pb -rpx Sandbox_drc_routed.rpx
Command: report_drc -file Sandbox_drc_routed.rpt -pb Sandbox_drc_routed.pb -rpx Sandbox_drc_routed.rpx
INFO: [IP_Flow 19-1839] IP Catalog is up to date.
INFO: [DRC 23-27] Running DRC with 2 threads
INFO: [Vivado_Tcl 2-168] The results of DRC are in file C:/Users/justi/Documents/ESFA-Verilog-FPGA-Implementation/boards/Basys3/Basys3.runs/impl_1/Sandbox_drc_routed.rpt.
report_drc completed successfully
INFO: [runtcl-4] Executing : report_methodology -file Sandbox_methodology_drc_routed.rpt -pb Sandbox_methodology_drc_routed.pb -rpx Sandbox_methodology_drc_routed.rpx
Command: report_methodology -file Sandbox_methodology_drc_routed.rpt -pb Sandbox_methodology_drc_routed.pb -rpx Sandbox_methodology_drc_routed.rpx
INFO: [Timing 38-35] Done setting XDC timing constraints.
INFO: [DRC 23-133] Running Methodology with 2 threads
INFO: [Vivado_Tcl 2-1520] The results of Report Methodology are in file C:/Users/justi/Documents/ESFA-Verilog-FPGA-Implementation/boards/Basys3/Basys3.runs/impl_1/Sandbox_methodology_drc_routed.rpt.
report_methodology completed successfully
INFO: [runtcl-4] Executing : report_power -file Sandbox_power_routed.rpt -pb Sandbox_power_summary_routed.pb -rpx Sandbox_power_routed.rpx
Command: report_power -file Sandbox_power_routed.rpt -pb Sandbox_power_summary_routed.pb -rpx Sandbox_power_routed.rpx
INFO: [Timing 38-35] Done setting XDC timing constraints.
Running Vector-less Activity Propagation...

Finished Running Vector-less Activity Propagation
WARNING: [Power 33-332] Found switching activity that implies high-fanout reset nets being asserted for excessive periods of time which may result in inaccurate power analysis.
Resolution: To review and fix problems, please run Power Constraints Advisor in the GUI from Tools > Power Constraints Advisor or run report_power with the -advisory option to generate a text report.
107 Infos, 2 Warnings, 0 Critical Warnings and 0 Errors encountered.
report_power completed successfully
INFO: [runtcl-4] Executing : report_route_status -file Sandbox_route_status.rpt -pb Sandbox_route_status.pb
INFO: [runtcl-4] Executing : report_timing_summary -max_paths 10 -report_unconstrained -file Sandbox_timing_summary_routed.rpt -pb Sandbox_timing_summary_routed.pb -rpx Sandbox_timing_summary_routed.rpx -warn_on_violation 
INFO: [Timing 38-91] UpdateTimingParams: Speed grade: -1, Delay Type: min_max.
INFO: [Timing 38-191] Multithreading enabled for timing update using a maximum of 2 CPUs
INFO: [runtcl-4] Executing : report_incremental_reuse -file Sandbox_incremental_reuse_routed.rpt
INFO: [Vivado_Tcl 4-1062] Incremental flow is disabled. No incremental reuse Info to report.
INFO: [runtcl-4] Executing : report_clock_utilization -file Sandbox_clock_utilization_routed.rpt
INFO: [runtcl-4] Executing : report_bus_skew -warn_on_violation -file Sandbox_bus_skew_routed.rpt -pb Sandbox_bus_skew_routed.pb -rpx Sandbox_bus_skew_routed.rpx
INFO: [Timing 38-91] UpdateTimingParams: Speed grade: -1, Delay Type: min_max.
INFO: [Timing 38-191] Multithreading enabled for timing update using a maximum of 2 CPUs
INFO: [Timing 38-480] Writing timing data to binary archive.
Write ShapeDB Complete: Time (s): cpu = 00:00:00 ; elapsed = 00:00:00.005 . Memory (MB): peak = 2184.477 ; gain = 0.402
Wrote PlaceDB: Time (s): cpu = 00:00:00 ; elapsed = 00:00:00.097 . Memory (MB): peak = 2184.477 ; gain = 0.402
Wrote PulsedLatchDB: Time (s): cpu = 00:00:00 ; elapsed = 00:00:00 . Memory (MB): peak = 2184.477 ; gain = 0.000
Writing XDEF routing.
Writing XDEF routing logical nets.
Writing XDEF routing special nets.
Wrote RouteStorage: Time (s): cpu = 00:00:00 ; elapsed = 00:00:00.041 . Memory (MB): peak = 2184.477 ; gain = 0.000
Wrote Netlist Cache: Time (s): cpu = 00:00:00 ; elapsed = 00:00:00.003 . Memory (MB): peak = 2184.477 ; gain = 0.000
Wrote Device Cache: Time (s): cpu = 00:00:00 ; elapsed = 00:00:00.005 . Memory (MB): peak = 2184.477 ; gain = 0.000
Write Physdb Complete: Time (s): cpu = 00:00:00 ; elapsed = 00:00:00.152 . Memory (MB): peak = 2184.477 ; gain = 0.402
INFO: [Common 17-1381] The checkpoint 'C:/Users/justi/Documents/ESFA-Verilog-FPGA-Implementation/boards/Basys3/Basys3.runs/impl_1/Sandbox_routed.dcp' has been generated.
INFO: [Common 17-206] Exiting Vivado at Mon Sep  7 12:32:59 2026...
