Copyright 1986-2022 Xilinx, Inc. All Rights Reserved. Copyright 2022-2023 Advanced Micro Devices, Inc. All Rights Reserved.
------------------------------------------------------------------------------------------------------------------------------------------------------------------------------------------------------------------
| Tool Version : Vivado v.2023.2 (win64) Build 4029153 Fri Oct 13 20:14:34 MDT 2023
| Date         : Mon Sep  7 10:52:41 2026
| Host         : Justin running 64-bit major release  (build 9200)
| Command      : report_timing_summary -max_paths 10 -report_unconstrained -file Sandbox_timing_summary_routed.rpt -pb Sandbox_timing_summary_routed.pb -rpx Sandbox_timing_summary_routed.rpx -warn_on_violation
| Design       : Sandbox
| Device       : 7a35t-cpg236
| Speed File   : -1  PRODUCTION 1.23 2018-06-13
| Design State : Routed
------------------------------------------------------------------------------------------------------------------------------------------------------------------------------------------------------------------

Timing Summary Report

------------------------------------------------------------------------------------------------
| Timer Settings
| --------------
------------------------------------------------------------------------------------------------

  Enable Multi Corner Analysis               :  Yes
  Enable Pessimism Removal                   :  Yes
  Pessimism Removal Resolution               :  Nearest Common Node
  Enable Input Delay Default Clock           :  No
  Enable Preset / Clear Arcs                 :  No
  Disable Flight Delays                      :  No
  Ignore I/O Paths                           :  No
  Timing Early Launch at Borrowing Latches   :  No
  Borrow Time for Max Delay Exceptions       :  Yes
  Merge Timing Exceptions                    :  Yes
  Inter-SLR Compensation                     :  Conservative

  Corner  Analyze    Analyze    
  Name    Max Paths  Min Paths  
  ------  ---------  ---------  
  Slow    Yes        Yes        
  Fast    Yes        Yes        


------------------------------------------------------------------------------------------------
| Report Methodology
| ------------------
------------------------------------------------------------------------------------------------

Rule       Severity          Description                  Violations  
---------  ----------------  ---------------------------  ----------  
TIMING-17  Critical Warning  Non-clocked sequential cell  763         

Note: This report is based on the most recent report_methodology run and may not be up-to-date. Run report_methodology on the current design for the latest report.



check_timing report

Table of Contents
-----------------
1. checking no_clock (769)
2. checking constant_clock (0)
3. checking pulse_width_clock (0)
4. checking unconstrained_internal_endpoints (2116)
5. checking no_input_delay (2)
6. checking no_output_delay (3)
7. checking multiple_clock (0)
8. checking generated_clocks (0)
9. checking loops (0)
10. checking partial_input_delay (0)
11. checking partial_output_delay (0)
12. checking latch_loops (0)

1. checking no_clock (769)
--------------------------
 There are 716 register/latch pins with no clock driven by root clock pin: masterClock (HIGH)

 There are 6 register/latch pins with no clock driven by root clock pin: dataInterface/uart/receiver/FSM_onehot_divider_reg[2]/Q (HIGH)

 There are 6 register/latch pins with no clock driven by root clock pin: dataInterface/uart/receiver/FSM_onehot_divider_reg[3]/Q (HIGH)

 There are 14 register/latch pins with no clock driven by root clock pin: dataInterface/uart/rxDivider/out_reg/Q (HIGH)

 There are 18 register/latch pins with no clock driven by root clock pin: dataInterface/uart/txDivider/out_reg/Q (HIGH)

 There are 9 register/latch pins with no clock driven by root clock pin: divider1/out_reg/Q (HIGH)


2. checking constant_clock (0)
------------------------------
 There are 0 register/latch pins with constant_clock.


3. checking pulse_width_clock (0)
---------------------------------
 There are 0 register/latch pins which need pulse_width check


4. checking unconstrained_internal_endpoints (2116)
---------------------------------------------------
 There are 2116 pins that are not constrained for maximum delay. (HIGH)

 There are 0 pins that are not constrained for maximum delay due to constant clock.


5. checking no_input_delay (2)
------------------------------
 There are 2 input ports with no input delay specified. (HIGH)

 There are 0 input ports with no input delay but user has a false path constraint.


6. checking no_output_delay (3)
-------------------------------
 There are 3 ports with no output delay specified. (HIGH)

 There are 0 ports with no output delay but user has a false path constraint

 There are 0 ports with no output delay but with a timing clock defined on it or propagating through it


7. checking multiple_clock (0)
------------------------------
 There are 0 register/latch pins with multiple clocks.


8. checking generated_clocks (0)
--------------------------------
 There are 0 generated clocks that are not connected to a clock source.


9. checking loops (0)
---------------------
 There are 0 combinational loops in the design.


10. checking partial_input_delay (0)
------------------------------------
 There are 0 input ports with partial input delay specified.


11. checking partial_output_delay (0)
-------------------------------------
 There are 0 ports with partial output delay specified.


12. checking latch_loops (0)
----------------------------
 There are 0 combinational latch loops in the design through latch input



------------------------------------------------------------------------------------------------
| Design Timing Summary
| ---------------------
------------------------------------------------------------------------------------------------

    WNS(ns)      TNS(ns)  TNS Failing Endpoints  TNS Total Endpoints      WHS(ns)      THS(ns)  THS Failing Endpoints  THS Total Endpoints     WPWS(ns)     TPWS(ns)  TPWS Failing Endpoints  TPWS Total Endpoints  
    -------      -------  ---------------------  -------------------      -------      -------  ---------------------  -------------------     --------     --------  ----------------------  --------------------  
        inf        0.000                      0                 2119          inf        0.000                      0                 2119           NA           NA                      NA                    NA  


There are no user specified timing constraints.


------------------------------------------------------------------------------------------------
| Clock Summary
| -------------
------------------------------------------------------------------------------------------------


------------------------------------------------------------------------------------------------
| Intra Clock Table
| -----------------
------------------------------------------------------------------------------------------------

Clock             WNS(ns)      TNS(ns)  TNS Failing Endpoints  TNS Total Endpoints      WHS(ns)      THS(ns)  THS Failing Endpoints  THS Total Endpoints     WPWS(ns)     TPWS(ns)  TPWS Failing Endpoints  TPWS Total Endpoints  
-----             -------      -------  ---------------------  -------------------      -------      -------  ---------------------  -------------------     --------     --------  ----------------------  --------------------  


------------------------------------------------------------------------------------------------
| Inter Clock Table
| -----------------
------------------------------------------------------------------------------------------------

From Clock    To Clock          WNS(ns)      TNS(ns)  TNS Failing Endpoints  TNS Total Endpoints      WHS(ns)      THS(ns)  THS Failing Endpoints  THS Total Endpoints  
----------    --------          -------      -------  ---------------------  -------------------      -------      -------  ---------------------  -------------------  


------------------------------------------------------------------------------------------------
| Other Path Groups Table
| -----------------------
------------------------------------------------------------------------------------------------

Path Group    From Clock    To Clock          WNS(ns)      TNS(ns)  TNS Failing Endpoints  TNS Total Endpoints      WHS(ns)      THS(ns)  THS Failing Endpoints  THS Total Endpoints  
----------    ----------    --------          -------      -------  ---------------------  -------------------      -------      -------  ---------------------  -------------------  


------------------------------------------------------------------------------------------------
| User Ignored Path Table
| -----------------------
------------------------------------------------------------------------------------------------

Path Group    From Clock    To Clock    
----------    ----------    --------    


------------------------------------------------------------------------------------------------
| Unconstrained Path Table
| ------------------------
------------------------------------------------------------------------------------------------

Path Group    From Clock    To Clock    
----------    ----------    --------    
(none)                                    


------------------------------------------------------------------------------------------------
| Timing Details
| --------------
------------------------------------------------------------------------------------------------


--------------------------------------------------------------------------------------
Path Group:  (none)
From Clock:  
  To Clock:  

Max Delay          2119 Endpoints
Min Delay          2119 Endpoints
--------------------------------------------------------------------------------------


Max Delay Paths
--------------------------------------------------------------------------------------
Slack:                    inf
  Source:                 process/top/l1/memory_cell_instances[5].mem_cell/result_signals\\.metadata_reg[2]/C
                            (rising edge-triggered cell FDRE)
  Destination:            process/top/instructionOfError_reg[0]/CE
  Path Group:             (none)
  Path Type:              Max at Slow Process Corner
  Data Path Delay:        22.213ns  (logic 4.136ns (18.620%)  route 18.077ns (81.380%))
  Logic Levels:           19  (CARRY4=3 FDRE=1 LUT3=1 LUT4=3 LUT5=1 LUT6=10)

    Location             Delay type                Incr(ns)  Path(ns)    Netlist Resource(s)
  -------------------------------------------------------------------    -------------------
    SLICE_X4Y11          FDRE                         0.000     0.000 r  process/top/l1/memory_cell_instances[5].mem_cell/result_signals\\.metadata_reg[2]/C
    SLICE_X4Y11          FDRE (Prop_fdre_C_Q)         0.456     0.456 r  process/top/l1/memory_cell_instances[5].mem_cell/result_signals\\.metadata_reg[2]/Q
                         net (fo=8, routed)           1.627     2.083    process/top/l1/memory_cell_instances[5].mem_cell/Q[2]
    SLICE_X6Y6           LUT4 (Prop_lut4_I0_O)        0.124     2.207 r  process/top/l1/memory_cell_instances[5].mem_cell/available_handle[7]_i_96/O
                         net (fo=1, routed)           0.000     2.207    process/top/l1/memory_cell_instances[5].mem_cell/available_handle[7]_i_96_n_0
    SLICE_X6Y6           CARRY4 (Prop_carry4_S[1]_CO[3])
                                                      0.533     2.740 r  process/top/l1/memory_cell_instances[5].mem_cell/available_handle_reg[7]_i_29/CO[3]
                         net (fo=1, routed)           1.114     3.854    process/top/l1/memory_cell_instances[4].mem_cell/CO[0]
    SLICE_X6Y7           LUT6 (Prop_lut6_I5_O)        0.124     3.978 r  process/top/l1/memory_cell_instances[4].mem_cell/available_handle[7]_i_19/O
                         net (fo=1, routed)           0.656     4.634    process/top/l1/memory_cell_instances[4].mem_cell/available_handle[7]_i_19_n_0
    SLICE_X7Y7           LUT4 (Prop_lut4_I1_O)        0.124     4.758 r  process/top/l1/memory_cell_instances[4].mem_cell/available_handle[7]_i_11/O
                         net (fo=39, routed)          2.562     7.320    process/top/l1/memory_cell_instances[4].mem_cell/tree_generation.genblk1[1].genblk1[2].combinator/chooseLeft
    SLICE_X5Y9           LUT3 (Prop_lut3_I2_O)        0.152     7.472 f  process/top/l1/memory_cell_instances[4].mem_cell/available_handle[7]_i_160/O
                         net (fo=2, routed)           1.192     8.664    process/top/l1/memory_cell_instances[6].mem_cell/available_handle_reg[7]_i_30_1
    SLICE_X2Y6           LUT6 (Prop_lut6_I3_O)        0.326     8.990 r  process/top/l1/memory_cell_instances[6].mem_cell/available_handle[7]_i_108/O
                         net (fo=1, routed)           0.643     9.633    process/top/l1/memory_cell_instances[6].mem_cell/available_handle[7]_i_108_n_0
    SLICE_X5Y7           CARRY4 (Prop_carry4_DI[1]_CO[3])
                                                      0.507    10.140 r  process/top/l1/memory_cell_instances[6].mem_cell/available_handle_reg[7]_i_31/CO[3]
                         net (fo=1, routed)           1.132    11.272    process/top/l1/memory_cell_instances[4].mem_cell/available_handle[7]_i_12_0[0]
    SLICE_X6Y7           LUT6 (Prop_lut6_I5_O)        0.124    11.396 r  process/top/l1/memory_cell_instances[4].mem_cell/available_handle[7]_i_20/O
                         net (fo=1, routed)           0.573    11.969    process/top/l1/memory_cell_instances[4].mem_cell/available_handle[7]_i_20_n_0
    SLICE_X7Y7           LUT6 (Prop_lut6_I1_O)        0.124    12.093 r  process/top/l1/memory_cell_instances[4].mem_cell/available_handle[7]_i_12/O
                         net (fo=31, routed)          0.968    13.061    process/top/l1/memory_cell_instances[4].mem_cell/chooseLeft
    SLICE_X4Y8           LUT5 (Prop_lut5_I4_O)        0.124    13.185 r  process/top/l1/memory_cell_instances[4].mem_cell/available_handle[7]_i_140/O
                         net (fo=4, routed)           1.188    14.373    process/top/l1/memory_cell_instances[4].mem_cell/result_signals\\.metadata_reg[3]_1
    SLICE_X11Y7          LUT4 (Prop_lut4_I2_O)        0.124    14.497 r  process/top/l1/memory_cell_instances[4].mem_cell/available_handle[7]_i_48/O
                         net (fo=1, routed)           0.000    14.497    process/top/l1/memory_cell_instances[4].mem_cell/available_handle[7]_i_48_n_0
    SLICE_X11Y7          CARRY4 (Prop_carry4_S[1]_CO[3])
                                                      0.550    15.047 f  process/top/l1/memory_cell_instances[4].mem_cell/available_handle_reg[7]_i_23/CO[3]
                         net (fo=1, routed)           1.118    16.165    process/top/l1/memory_cell_instances[0].mem_cell/available_handle[7]_i_8_0[0]
    SLICE_X8Y7           LUT6 (Prop_lut6_I5_O)        0.124    16.289 f  process/top/l1/memory_cell_instances[0].mem_cell/available_handle[7]_i_15/O
                         net (fo=1, routed)           0.286    16.575    process/top/l1/memory_cell_instances[0].mem_cell/available_handle[7]_i_15_n_0
    SLICE_X8Y7           LUT6 (Prop_lut6_I1_O)        0.124    16.699 f  process/top/l1/memory_cell_instances[0].mem_cell/available_handle[7]_i_8/O
                         net (fo=24, routed)          1.699    18.398    process/top/l1/memory_cell_instances[0].mem_cell/chooseLeft
    SLICE_X14Y2          LUT6 (Prop_lut6_I5_O)        0.124    18.522 r  process/top/l1/memory_cell_instances[0].mem_cell/instructionOfError[7]_i_26/O
                         net (fo=1, routed)           1.193    19.715    process/top/l1/memory_cell_instances[0].mem_cell/instructionOfError[7]_i_26_n_0
    SLICE_X10Y4          LUT6 (Prop_lut6_I3_O)        0.124    19.839 r  process/top/l1/memory_cell_instances[0].mem_cell/instructionOfError[7]_i_7/O
                         net (fo=1, routed)           0.670    20.509    process/top/l1/memory_cell_instances[0].mem_cell/instructionOfError[7]_i_7_n_0
    SLICE_X10Y4          LUT6 (Prop_lut6_I5_O)        0.124    20.633 r  process/top/l1/memory_cell_instances[0].mem_cell/instructionOfError[7]_i_2/O
                         net (fo=1, routed)           0.802    21.435    process/top/l1/memory_cell_instances[1].mem_cell/instructionOfError_reg[7]
    SLICE_X8Y4           LUT6 (Prop_lut6_I4_O)        0.124    21.559 r  process/top/l1/memory_cell_instances[1].mem_cell/instructionOfError[7]_i_1/O
                         net (fo=9, routed)           0.654    22.213    process/top/wasSuccessful_next
    SLICE_X10Y1          FDRE                                         r  process/top/instructionOfError_reg[0]/CE
  -------------------------------------------------------------------    -------------------

Slack:                    inf
  Source:                 process/top/l1/memory_cell_instances[5].mem_cell/result_signals\\.metadata_reg[2]/C
                            (rising edge-triggered cell FDRE)
  Destination:            process/top/instructionOfError_reg[1]/CE
  Path Group:             (none)
  Path Type:              Max at Slow Process Corner
  Data Path Delay:        22.213ns  (logic 4.136ns (18.620%)  route 18.077ns (81.380%))
  Logic Levels:           19  (CARRY4=3 FDRE=1 LUT3=1 LUT4=3 LUT5=1 LUT6=10)

    Location             Delay type                Incr(ns)  Path(ns)    Netlist Resource(s)
  -------------------------------------------------------------------    -------------------
    SLICE_X4Y11          FDRE                         0.000     0.000 r  process/top/l1/memory_cell_instances[5].mem_cell/result_signals\\.metadata_reg[2]/C
    SLICE_X4Y11          FDRE (Prop_fdre_C_Q)         0.456     0.456 r  process/top/l1/memory_cell_instances[5].mem_cell/result_signals\\.metadata_reg[2]/Q
                         net (fo=8, routed)           1.627     2.083    process/top/l1/memory_cell_instances[5].mem_cell/Q[2]
    SLICE_X6Y6           LUT4 (Prop_lut4_I0_O)        0.124     2.207 r  process/top/l1/memory_cell_instances[5].mem_cell/available_handle[7]_i_96/O
                         net (fo=1, routed)           0.000     2.207    process/top/l1/memory_cell_instances[5].mem_cell/available_handle[7]_i_96_n_0
    SLICE_X6Y6           CARRY4 (Prop_carry4_S[1]_CO[3])
                                                      0.533     2.740 r  process/top/l1/memory_cell_instances[5].mem_cell/available_handle_reg[7]_i_29/CO[3]
                         net (fo=1, routed)           1.114     3.854    process/top/l1/memory_cell_instances[4].mem_cell/CO[0]
    SLICE_X6Y7           LUT6 (Prop_lut6_I5_O)        0.124     3.978 r  process/top/l1/memory_cell_instances[4].mem_cell/available_handle[7]_i_19/O
                         net (fo=1, routed)           0.656     4.634    process/top/l1/memory_cell_instances[4].mem_cell/available_handle[7]_i_19_n_0
    SLICE_X7Y7           LUT4 (Prop_lut4_I1_O)        0.124     4.758 r  process/top/l1/memory_cell_instances[4].mem_cell/available_handle[7]_i_11/O
                         net (fo=39, routed)          2.562     7.320    process/top/l1/memory_cell_instances[4].mem_cell/tree_generation.genblk1[1].genblk1[2].combinator/chooseLeft
    SLICE_X5Y9           LUT3 (Prop_lut3_I2_O)        0.152     7.472 f  process/top/l1/memory_cell_instances[4].mem_cell/available_handle[7]_i_160/O
                         net (fo=2, routed)           1.192     8.664    process/top/l1/memory_cell_instances[6].mem_cell/available_handle_reg[7]_i_30_1
    SLICE_X2Y6           LUT6 (Prop_lut6_I3_O)        0.326     8.990 r  process/top/l1/memory_cell_instances[6].mem_cell/available_handle[7]_i_108/O
                         net (fo=1, routed)           0.643     9.633    process/top/l1/memory_cell_instances[6].mem_cell/available_handle[7]_i_108_n_0
    SLICE_X5Y7           CARRY4 (Prop_carry4_DI[1]_CO[3])
                                                      0.507    10.140 r  process/top/l1/memory_cell_instances[6].mem_cell/available_handle_reg[7]_i_31/CO[3]
                         net (fo=1, routed)           1.132    11.272    process/top/l1/memory_cell_instances[4].mem_cell/available_handle[7]_i_12_0[0]
    SLICE_X6Y7           LUT6 (Prop_lut6_I5_O)        0.124    11.396 r  process/top/l1/memory_cell_instances[4].mem_cell/available_handle[7]_i_20/O
                         net (fo=1, routed)           0.573    11.969    process/top/l1/memory_cell_instances[4].mem_cell/available_handle[7]_i_20_n_0
    SLICE_X7Y7           LUT6 (Prop_lut6_I1_O)        0.124    12.093 r  process/top/l1/memory_cell_instances[4].mem_cell/available_handle[7]_i_12/O
                         net (fo=31, routed)          0.968    13.061    process/top/l1/memory_cell_instances[4].mem_cell/chooseLeft
    SLICE_X4Y8           LUT5 (Prop_lut5_I4_O)        0.124    13.185 r  process/top/l1/memory_cell_instances[4].mem_cell/available_handle[7]_i_140/O
                         net (fo=4, routed)           1.188    14.373    process/top/l1/memory_cell_instances[4].mem_cell/result_signals\\.metadata_reg[3]_1
    SLICE_X11Y7          LUT4 (Prop_lut4_I2_O)        0.124    14.497 r  process/top/l1/memory_cell_instances[4].mem_cell/available_handle[7]_i_48/O
                         net (fo=1, routed)           0.000    14.497    process/top/l1/memory_cell_instances[4].mem_cell/available_handle[7]_i_48_n_0
    SLICE_X11Y7          CARRY4 (Prop_carry4_S[1]_CO[3])
                                                      0.550    15.047 f  process/top/l1/memory_cell_instances[4].mem_cell/available_handle_reg[7]_i_23/CO[3]
                         net (fo=1, routed)           1.118    16.165    process/top/l1/memory_cell_instances[0].mem_cell/available_handle[7]_i_8_0[0]
    SLICE_X8Y7           LUT6 (Prop_lut6_I5_O)        0.124    16.289 f  process/top/l1/memory_cell_instances[0].mem_cell/available_handle[7]_i_15/O
                         net (fo=1, routed)           0.286    16.575    process/top/l1/memory_cell_instances[0].mem_cell/available_handle[7]_i_15_n_0
    SLICE_X8Y7           LUT6 (Prop_lut6_I1_O)        0.124    16.699 f  process/top/l1/memory_cell_instances[0].mem_cell/available_handle[7]_i_8/O
                         net (fo=24, routed)          1.699    18.398    process/top/l1/memory_cell_instances[0].mem_cell/chooseLeft
    SLICE_X14Y2          LUT6 (Prop_lut6_I5_O)        0.124    18.522 r  process/top/l1/memory_cell_instances[0].mem_cell/instructionOfError[7]_i_26/O
                         net (fo=1, routed)           1.193    19.715    process/top/l1/memory_cell_instances[0].mem_cell/instructionOfError[7]_i_26_n_0
    SLICE_X10Y4          LUT6 (Prop_lut6_I3_O)        0.124    19.839 r  process/top/l1/memory_cell_instances[0].mem_cell/instructionOfError[7]_i_7/O
                         net (fo=1, routed)           0.670    20.509    process/top/l1/memory_cell_instances[0].mem_cell/instructionOfError[7]_i_7_n_0
    SLICE_X10Y4          LUT6 (Prop_lut6_I5_O)        0.124    20.633 r  process/top/l1/memory_cell_instances[0].mem_cell/instructionOfError[7]_i_2/O
                         net (fo=1, routed)           0.802    21.435    process/top/l1/memory_cell_instances[1].mem_cell/instructionOfError_reg[7]
    SLICE_X8Y4           LUT6 (Prop_lut6_I4_O)        0.124    21.559 r  process/top/l1/memory_cell_instances[1].mem_cell/instructionOfError[7]_i_1/O
                         net (fo=9, routed)           0.654    22.213    process/top/wasSuccessful_next
    SLICE_X10Y1          FDRE                                         r  process/top/instructionOfError_reg[1]/CE
  -------------------------------------------------------------------    -------------------

Slack:                    inf
  Source:                 process/top/l1/memory_cell_instances[5].mem_cell/result_signals\\.metadata_reg[2]/C
                            (rising edge-triggered cell FDRE)
  Destination:            process/top/instructionOfError_reg[2]/CE
  Path Group:             (none)
  Path Type:              Max at Slow Process Corner
  Data Path Delay:        22.213ns  (logic 4.136ns (18.620%)  route 18.077ns (81.380%))
  Logic Levels:           19  (CARRY4=3 FDRE=1 LUT3=1 LUT4=3 LUT5=1 LUT6=10)

    Location             Delay type                Incr(ns)  Path(ns)    Netlist Resource(s)
  -------------------------------------------------------------------    -------------------
    SLICE_X4Y11          FDRE                         0.000     0.000 r  process/top/l1/memory_cell_instances[5].mem_cell/result_signals\\.metadata_reg[2]/C
    SLICE_X4Y11          FDRE (Prop_fdre_C_Q)         0.456     0.456 r  process/top/l1/memory_cell_instances[5].mem_cell/result_signals\\.metadata_reg[2]/Q
                         net (fo=8, routed)           1.627     2.083    process/top/l1/memory_cell_instances[5].mem_cell/Q[2]
    SLICE_X6Y6           LUT4 (Prop_lut4_I0_O)        0.124     2.207 r  process/top/l1/memory_cell_instances[5].mem_cell/available_handle[7]_i_96/O
                         net (fo=1, routed)           0.000     2.207    process/top/l1/memory_cell_instances[5].mem_cell/available_handle[7]_i_96_n_0
    SLICE_X6Y6           CARRY4 (Prop_carry4_S[1]_CO[3])
                                                      0.533     2.740 r  process/top/l1/memory_cell_instances[5].mem_cell/available_handle_reg[7]_i_29/CO[3]
                         net (fo=1, routed)           1.114     3.854    process/top/l1/memory_cell_instances[4].mem_cell/CO[0]
    SLICE_X6Y7           LUT6 (Prop_lut6_I5_O)        0.124     3.978 r  process/top/l1/memory_cell_instances[4].mem_cell/available_handle[7]_i_19/O
                         net (fo=1, routed)           0.656     4.634    process/top/l1/memory_cell_instances[4].mem_cell/available_handle[7]_i_19_n_0
    SLICE_X7Y7           LUT4 (Prop_lut4_I1_O)        0.124     4.758 r  process/top/l1/memory_cell_instances[4].mem_cell/available_handle[7]_i_11/O
                         net (fo=39, routed)          2.562     7.320    process/top/l1/memory_cell_instances[4].mem_cell/tree_generation.genblk1[1].genblk1[2].combinator/chooseLeft
    SLICE_X5Y9           LUT3 (Prop_lut3_I2_O)        0.152     7.472 f  process/top/l1/memory_cell_instances[4].mem_cell/available_handle[7]_i_160/O
                         net (fo=2, routed)           1.192     8.664    process/top/l1/memory_cell_instances[6].mem_cell/available_handle_reg[7]_i_30_1
    SLICE_X2Y6           LUT6 (Prop_lut6_I3_O)        0.326     8.990 r  process/top/l1/memory_cell_instances[6].mem_cell/available_handle[7]_i_108/O
                         net (fo=1, routed)           0.643     9.633    process/top/l1/memory_cell_instances[6].mem_cell/available_handle[7]_i_108_n_0
    SLICE_X5Y7           CARRY4 (Prop_carry4_DI[1]_CO[3])
                                                      0.507    10.140 r  process/top/l1/memory_cell_instances[6].mem_cell/available_handle_reg[7]_i_31/CO[3]
                         net (fo=1, routed)           1.132    11.272    process/top/l1/memory_cell_instances[4].mem_cell/available_handle[7]_i_12_0[0]
    SLICE_X6Y7           LUT6 (Prop_lut6_I5_O)        0.124    11.396 r  process/top/l1/memory_cell_instances[4].mem_cell/available_handle[7]_i_20/O
                         net (fo=1, routed)           0.573    11.969    process/top/l1/memory_cell_instances[4].mem_cell/available_handle[7]_i_20_n_0
    SLICE_X7Y7           LUT6 (Prop_lut6_I1_O)        0.124    12.093 r  process/top/l1/memory_cell_instances[4].mem_cell/available_handle[7]_i_12/O
                         net (fo=31, routed)          0.968    13.061    process/top/l1/memory_cell_instances[4].mem_cell/chooseLeft
    SLICE_X4Y8           LUT5 (Prop_lut5_I4_O)        0.124    13.185 r  process/top/l1/memory_cell_instances[4].mem_cell/available_handle[7]_i_140/O
                         net (fo=4, routed)           1.188    14.373    process/top/l1/memory_cell_instances[4].mem_cell/result_signals\\.metadata_reg[3]_1
    SLICE_X11Y7          LUT4 (Prop_lut4_I2_O)        0.124    14.497 r  process/top/l1/memory_cell_instances[4].mem_cell/available_handle[7]_i_48/O
                         net (fo=1, routed)           0.000    14.497    process/top/l1/memory_cell_instances[4].mem_cell/available_handle[7]_i_48_n_0
    SLICE_X11Y7          CARRY4 (Prop_carry4_S[1]_CO[3])
                                                      0.550    15.047 f  process/top/l1/memory_cell_instances[4].mem_cell/available_handle_reg[7]_i_23/CO[3]
                         net (fo=1, routed)           1.118    16.165    process/top/l1/memory_cell_instances[0].mem_cell/available_handle[7]_i_8_0[0]
    SLICE_X8Y7           LUT6 (Prop_lut6_I5_O)        0.124    16.289 f  process/top/l1/memory_cell_instances[0].mem_cell/available_handle[7]_i_15/O
                         net (fo=1, routed)           0.286    16.575    process/top/l1/memory_cell_instances[0].mem_cell/available_handle[7]_i_15_n_0
    SLICE_X8Y7           LUT6 (Prop_lut6_I1_O)        0.124    16.699 f  process/top/l1/memory_cell_instances[0].mem_cell/available_handle[7]_i_8/O
                         net (fo=24, routed)          1.699    18.398    process/top/l1/memory_cell_instances[0].mem_cell/chooseLeft
    SLICE_X14Y2          LUT6 (Prop_lut6_I5_O)        0.124    18.522 r  process/top/l1/memory_cell_instances[0].mem_cell/instructionOfError[7]_i_26/O
                         net (fo=1, routed)           1.193    19.715    process/top/l1/memory_cell_instances[0].mem_cell/instructionOfError[7]_i_26_n_0
    SLICE_X10Y4          LUT6 (Prop_lut6_I3_O)        0.124    19.839 r  process/top/l1/memory_cell_instances[0].mem_cell/instructionOfError[7]_i_7/O
                         net (fo=1, routed)           0.670    20.509    process/top/l1/memory_cell_instances[0].mem_cell/instructionOfError[7]_i_7_n_0
    SLICE_X10Y4          LUT6 (Prop_lut6_I5_O)        0.124    20.633 r  process/top/l1/memory_cell_instances[0].mem_cell/instructionOfError[7]_i_2/O
                         net (fo=1, routed)           0.802    21.435    process/top/l1/memory_cell_instances[1].mem_cell/instructionOfError_reg[7]
    SLICE_X8Y4           LUT6 (Prop_lut6_I4_O)        0.124    21.559 r  process/top/l1/memory_cell_instances[1].mem_cell/instructionOfError[7]_i_1/O
                         net (fo=9, routed)           0.654    22.213    process/top/wasSuccessful_next
    SLICE_X10Y1          FDRE                                         r  process/top/instructionOfError_reg[2]/CE
  -------------------------------------------------------------------    -------------------

Slack:                    inf
  Source:                 process/top/l1/memory_cell_instances[5].mem_cell/result_signals\\.metadata_reg[2]/C
                            (rising edge-triggered cell FDRE)
  Destination:            process/top/instructionOfError_reg[3]/CE
  Path Group:             (none)
  Path Type:              Max at Slow Process Corner
  Data Path Delay:        22.213ns  (logic 4.136ns (18.620%)  route 18.077ns (81.380%))
  Logic Levels:           19  (CARRY4=3 FDRE=1 LUT3=1 LUT4=3 LUT5=1 LUT6=10)

    Location             Delay type                Incr(ns)  Path(ns)    Netlist Resource(s)
  -------------------------------------------------------------------    -------------------
    SLICE_X4Y11          FDRE                         0.000     0.000 r  process/top/l1/memory_cell_instances[5].mem_cell/result_signals\\.metadata_reg[2]/C
    SLICE_X4Y11          FDRE (Prop_fdre_C_Q)         0.456     0.456 r  process/top/l1/memory_cell_instances[5].mem_cell/result_signals\\.metadata_reg[2]/Q
                         net (fo=8, routed)           1.627     2.083    process/top/l1/memory_cell_instances[5].mem_cell/Q[2]
    SLICE_X6Y6           LUT4 (Prop_lut4_I0_O)        0.124     2.207 r  process/top/l1/memory_cell_instances[5].mem_cell/available_handle[7]_i_96/O
                         net (fo=1, routed)           0.000     2.207    process/top/l1/memory_cell_instances[5].mem_cell/available_handle[7]_i_96_n_0
    SLICE_X6Y6           CARRY4 (Prop_carry4_S[1]_CO[3])
                                                      0.533     2.740 r  process/top/l1/memory_cell_instances[5].mem_cell/available_handle_reg[7]_i_29/CO[3]
                         net (fo=1, routed)           1.114     3.854    process/top/l1/memory_cell_instances[4].mem_cell/CO[0]
    SLICE_X6Y7           LUT6 (Prop_lut6_I5_O)        0.124     3.978 r  process/top/l1/memory_cell_instances[4].mem_cell/available_handle[7]_i_19/O
                         net (fo=1, routed)           0.656     4.634    process/top/l1/memory_cell_instances[4].mem_cell/available_handle[7]_i_19_n_0
    SLICE_X7Y7           LUT4 (Prop_lut4_I1_O)        0.124     4.758 r  process/top/l1/memory_cell_instances[4].mem_cell/available_handle[7]_i_11/O
                         net (fo=39, routed)          2.562     7.320    process/top/l1/memory_cell_instances[4].mem_cell/tree_generation.genblk1[1].genblk1[2].combinator/chooseLeft
    SLICE_X5Y9           LUT3 (Prop_lut3_I2_O)        0.152     7.472 f  process/top/l1/memory_cell_instances[4].mem_cell/available_handle[7]_i_160/O
                         net (fo=2, routed)           1.192     8.664    process/top/l1/memory_cell_instances[6].mem_cell/available_handle_reg[7]_i_30_1
    SLICE_X2Y6           LUT6 (Prop_lut6_I3_O)        0.326     8.990 r  process/top/l1/memory_cell_instances[6].mem_cell/available_handle[7]_i_108/O
                         net (fo=1, routed)           0.643     9.633    process/top/l1/memory_cell_instances[6].mem_cell/available_handle[7]_i_108_n_0
    SLICE_X5Y7           CARRY4 (Prop_carry4_DI[1]_CO[3])
                                                      0.507    10.140 r  process/top/l1/memory_cell_instances[6].mem_cell/available_handle_reg[7]_i_31/CO[3]
                         net (fo=1, routed)           1.132    11.272    process/top/l1/memory_cell_instances[4].mem_cell/available_handle[7]_i_12_0[0]
    SLICE_X6Y7           LUT6 (Prop_lut6_I5_O)        0.124    11.396 r  process/top/l1/memory_cell_instances[4].mem_cell/available_handle[7]_i_20/O
                         net (fo=1, routed)           0.573    11.969    process/top/l1/memory_cell_instances[4].mem_cell/available_handle[7]_i_20_n_0
    SLICE_X7Y7           LUT6 (Prop_lut6_I1_O)        0.124    12.093 r  process/top/l1/memory_cell_instances[4].mem_cell/available_handle[7]_i_12/O
                         net (fo=31, routed)          0.968    13.061    process/top/l1/memory_cell_instances[4].mem_cell/chooseLeft
    SLICE_X4Y8           LUT5 (Prop_lut5_I4_O)        0.124    13.185 r  process/top/l1/memory_cell_instances[4].mem_cell/available_handle[7]_i_140/O
                         net (fo=4, routed)           1.188    14.373    process/top/l1/memory_cell_instances[4].mem_cell/result_signals\\.metadata_reg[3]_1
    SLICE_X11Y7          LUT4 (Prop_lut4_I2_O)        0.124    14.497 r  process/top/l1/memory_cell_instances[4].mem_cell/available_handle[7]_i_48/O
                         net (fo=1, routed)           0.000    14.497    process/top/l1/memory_cell_instances[4].mem_cell/available_handle[7]_i_48_n_0
    SLICE_X11Y7          CARRY4 (Prop_carry4_S[1]_CO[3])
                                                      0.550    15.047 f  process/top/l1/memory_cell_instances[4].mem_cell/available_handle_reg[7]_i_23/CO[3]
                         net (fo=1, routed)           1.118    16.165    process/top/l1/memory_cell_instances[0].mem_cell/available_handle[7]_i_8_0[0]
    SLICE_X8Y7           LUT6 (Prop_lut6_I5_O)        0.124    16.289 f  process/top/l1/memory_cell_instances[0].mem_cell/available_handle[7]_i_15/O
                         net (fo=1, routed)           0.286    16.575    process/top/l1/memory_cell_instances[0].mem_cell/available_handle[7]_i_15_n_0
    SLICE_X8Y7           LUT6 (Prop_lut6_I1_O)        0.124    16.699 f  process/top/l1/memory_cell_instances[0].mem_cell/available_handle[7]_i_8/O
                         net (fo=24, routed)          1.699    18.398    process/top/l1/memory_cell_instances[0].mem_cell/chooseLeft
    SLICE_X14Y2          LUT6 (Prop_lut6_I5_O)        0.124    18.522 r  process/top/l1/memory_cell_instances[0].mem_cell/instructionOfError[7]_i_26/O
                         net (fo=1, routed)           1.193    19.715    process/top/l1/memory_cell_instances[0].mem_cell/instructionOfError[7]_i_26_n_0
    SLICE_X10Y4          LUT6 (Prop_lut6_I3_O)        0.124    19.839 r  process/top/l1/memory_cell_instances[0].mem_cell/instructionOfError[7]_i_7/O
                         net (fo=1, routed)           0.670    20.509    process/top/l1/memory_cell_instances[0].mem_cell/instructionOfError[7]_i_7_n_0
    SLICE_X10Y4          LUT6 (Prop_lut6_I5_O)        0.124    20.633 r  process/top/l1/memory_cell_instances[0].mem_cell/instructionOfError[7]_i_2/O
                         net (fo=1, routed)           0.802    21.435    process/top/l1/memory_cell_instances[1].mem_cell/instructionOfError_reg[7]
    SLICE_X8Y4           LUT6 (Prop_lut6_I4_O)        0.124    21.559 r  process/top/l1/memory_cell_instances[1].mem_cell/instructionOfError[7]_i_1/O
                         net (fo=9, routed)           0.654    22.213    process/top/wasSuccessful_next
    SLICE_X10Y1          FDRE                                         r  process/top/instructionOfError_reg[3]/CE
  -------------------------------------------------------------------    -------------------

Slack:                    inf
  Source:                 process/top/l1/memory_cell_instances[5].mem_cell/result_signals\\.metadata_reg[2]/C
                            (rising edge-triggered cell FDRE)
  Destination:            process/top/instructionOfError_reg[4]/CE
  Path Group:             (none)
  Path Type:              Max at Slow Process Corner
  Data Path Delay:        22.213ns  (logic 4.136ns (18.620%)  route 18.077ns (81.380%))
  Logic Levels:           19  (CARRY4=3 FDRE=1 LUT3=1 LUT4=3 LUT5=1 LUT6=10)

    Location             Delay type                Incr(ns)  Path(ns)    Netlist Resource(s)
  -------------------------------------------------------------------    -------------------
    SLICE_X4Y11          FDRE                         0.000     0.000 r  process/top/l1/memory_cell_instances[5].mem_cell/result_signals\\.metadata_reg[2]/C
    SLICE_X4Y11          FDRE (Prop_fdre_C_Q)         0.456     0.456 r  process/top/l1/memory_cell_instances[5].mem_cell/result_signals\\.metadata_reg[2]/Q
                         net (fo=8, routed)           1.627     2.083    process/top/l1/memory_cell_instances[5].mem_cell/Q[2]
    SLICE_X6Y6           LUT4 (Prop_lut4_I0_O)        0.124     2.207 r  process/top/l1/memory_cell_instances[5].mem_cell/available_handle[7]_i_96/O
                         net (fo=1, routed)           0.000     2.207    process/top/l1/memory_cell_instances[5].mem_cell/available_handle[7]_i_96_n_0
    SLICE_X6Y6           CARRY4 (Prop_carry4_S[1]_CO[3])
                                                      0.533     2.740 r  process/top/l1/memory_cell_instances[5].mem_cell/available_handle_reg[7]_i_29/CO[3]
                         net (fo=1, routed)           1.114     3.854    process/top/l1/memory_cell_instances[4].mem_cell/CO[0]
    SLICE_X6Y7           LUT6 (Prop_lut6_I5_O)        0.124     3.978 r  process/top/l1/memory_cell_instances[4].mem_cell/available_handle[7]_i_19/O
                         net (fo=1, routed)           0.656     4.634    process/top/l1/memory_cell_instances[4].mem_cell/available_handle[7]_i_19_n_0
    SLICE_X7Y7           LUT4 (Prop_lut4_I1_O)        0.124     4.758 r  process/top/l1/memory_cell_instances[4].mem_cell/available_handle[7]_i_11/O
                         net (fo=39, routed)          2.562     7.320    process/top/l1/memory_cell_instances[4].mem_cell/tree_generation.genblk1[1].genblk1[2].combinator/chooseLeft
    SLICE_X5Y9           LUT3 (Prop_lut3_I2_O)        0.152     7.472 f  process/top/l1/memory_cell_instances[4].mem_cell/available_handle[7]_i_160/O
                         net (fo=2, routed)           1.192     8.664    process/top/l1/memory_cell_instances[6].mem_cell/available_handle_reg[7]_i_30_1
    SLICE_X2Y6           LUT6 (Prop_lut6_I3_O)        0.326     8.990 r  process/top/l1/memory_cell_instances[6].mem_cell/available_handle[7]_i_108/O
                         net (fo=1, routed)           0.643     9.633    process/top/l1/memory_cell_instances[6].mem_cell/available_handle[7]_i_108_n_0
    SLICE_X5Y7           CARRY4 (Prop_carry4_DI[1]_CO[3])
                                                      0.507    10.140 r  process/top/l1/memory_cell_instances[6].mem_cell/available_handle_reg[7]_i_31/CO[3]
                         net (fo=1, routed)           1.132    11.272    process/top/l1/memory_cell_instances[4].mem_cell/available_handle[7]_i_12_0[0]
    SLICE_X6Y7           LUT6 (Prop_lut6_I5_O)        0.124    11.396 r  process/top/l1/memory_cell_instances[4].mem_cell/available_handle[7]_i_20/O
                         net (fo=1, routed)           0.573    11.969    process/top/l1/memory_cell_instances[4].mem_cell/available_handle[7]_i_20_n_0
    SLICE_X7Y7           LUT6 (Prop_lut6_I1_O)        0.124    12.093 r  process/top/l1/memory_cell_instances[4].mem_cell/available_handle[7]_i_12/O
                         net (fo=31, routed)          0.968    13.061    process/top/l1/memory_cell_instances[4].mem_cell/chooseLeft
    SLICE_X4Y8           LUT5 (Prop_lut5_I4_O)        0.124    13.185 r  process/top/l1/memory_cell_instances[4].mem_cell/available_handle[7]_i_140/O
                         net (fo=4, routed)           1.188    14.373    process/top/l1/memory_cell_instances[4].mem_cell/result_signals\\.metadata_reg[3]_1
    SLICE_X11Y7          LUT4 (Prop_lut4_I2_O)        0.124    14.497 r  process/top/l1/memory_cell_instances[4].mem_cell/available_handle[7]_i_48/O
                         net (fo=1, routed)           0.000    14.497    process/top/l1/memory_cell_instances[4].mem_cell/available_handle[7]_i_48_n_0
    SLICE_X11Y7          CARRY4 (Prop_carry4_S[1]_CO[3])
                                                      0.550    15.047 f  process/top/l1/memory_cell_instances[4].mem_cell/available_handle_reg[7]_i_23/CO[3]
                         net (fo=1, routed)           1.118    16.165    process/top/l1/memory_cell_instances[0].mem_cell/available_handle[7]_i_8_0[0]
    SLICE_X8Y7           LUT6 (Prop_lut6_I5_O)        0.124    16.289 f  process/top/l1/memory_cell_instances[0].mem_cell/available_handle[7]_i_15/O
                         net (fo=1, routed)           0.286    16.575    process/top/l1/memory_cell_instances[0].mem_cell/available_handle[7]_i_15_n_0
    SLICE_X8Y7           LUT6 (Prop_lut6_I1_O)        0.124    16.699 f  process/top/l1/memory_cell_instances[0].mem_cell/available_handle[7]_i_8/O
                         net (fo=24, routed)          1.699    18.398    process/top/l1/memory_cell_instances[0].mem_cell/chooseLeft
    SLICE_X14Y2          LUT6 (Prop_lut6_I5_O)        0.124    18.522 r  process/top/l1/memory_cell_instances[0].mem_cell/instructionOfError[7]_i_26/O
                         net (fo=1, routed)           1.193    19.715    process/top/l1/memory_cell_instances[0].mem_cell/instructionOfError[7]_i_26_n_0
    SLICE_X10Y4          LUT6 (Prop_lut6_I3_O)        0.124    19.839 r  process/top/l1/memory_cell_instances[0].mem_cell/instructionOfError[7]_i_7/O
                         net (fo=1, routed)           0.670    20.509    process/top/l1/memory_cell_instances[0].mem_cell/instructionOfError[7]_i_7_n_0
    SLICE_X10Y4          LUT6 (Prop_lut6_I5_O)        0.124    20.633 r  process/top/l1/memory_cell_instances[0].mem_cell/instructionOfError[7]_i_2/O
                         net (fo=1, routed)           0.802    21.435    process/top/l1/memory_cell_instances[1].mem_cell/instructionOfError_reg[7]
    SLICE_X8Y4           LUT6 (Prop_lut6_I4_O)        0.124    21.559 r  process/top/l1/memory_cell_instances[1].mem_cell/instructionOfError[7]_i_1/O
                         net (fo=9, routed)           0.654    22.213    process/top/wasSuccessful_next
    SLICE_X10Y1          FDRE                                         r  process/top/instructionOfError_reg[4]/CE
  -------------------------------------------------------------------    -------------------

Slack:                    inf
  Source:                 process/top/l1/memory_cell_instances[5].mem_cell/result_signals\\.metadata_reg[2]/C
                            (rising edge-triggered cell FDRE)
  Destination:            process/top/instructionOfError_reg[5]/CE
  Path Group:             (none)
  Path Type:              Max at Slow Process Corner
  Data Path Delay:        22.213ns  (logic 4.136ns (18.620%)  route 18.077ns (81.380%))
  Logic Levels:           19  (CARRY4=3 FDRE=1 LUT3=1 LUT4=3 LUT5=1 LUT6=10)

    Location             Delay type                Incr(ns)  Path(ns)    Netlist Resource(s)
  -------------------------------------------------------------------    -------------------
    SLICE_X4Y11          FDRE                         0.000     0.000 r  process/top/l1/memory_cell_instances[5].mem_cell/result_signals\\.metadata_reg[2]/C
    SLICE_X4Y11          FDRE (Prop_fdre_C_Q)         0.456     0.456 r  process/top/l1/memory_cell_instances[5].mem_cell/result_signals\\.metadata_reg[2]/Q
                         net (fo=8, routed)           1.627     2.083    process/top/l1/memory_cell_instances[5].mem_cell/Q[2]
    SLICE_X6Y6           LUT4 (Prop_lut4_I0_O)        0.124     2.207 r  process/top/l1/memory_cell_instances[5].mem_cell/available_handle[7]_i_96/O
                         net (fo=1, routed)           0.000     2.207    process/top/l1/memory_cell_instances[5].mem_cell/available_handle[7]_i_96_n_0
    SLICE_X6Y6           CARRY4 (Prop_carry4_S[1]_CO[3])
                                                      0.533     2.740 r  process/top/l1/memory_cell_instances[5].mem_cell/available_handle_reg[7]_i_29/CO[3]
                         net (fo=1, routed)           1.114     3.854    process/top/l1/memory_cell_instances[4].mem_cell/CO[0]
    SLICE_X6Y7           LUT6 (Prop_lut6_I5_O)        0.124     3.978 r  process/top/l1/memory_cell_instances[4].mem_cell/available_handle[7]_i_19/O
                         net (fo=1, routed)           0.656     4.634    process/top/l1/memory_cell_instances[4].mem_cell/available_handle[7]_i_19_n_0
    SLICE_X7Y7           LUT4 (Prop_lut4_I1_O)        0.124     4.758 r  process/top/l1/memory_cell_instances[4].mem_cell/available_handle[7]_i_11/O
                         net (fo=39, routed)          2.562     7.320    process/top/l1/memory_cell_instances[4].mem_cell/tree_generation.genblk1[1].genblk1[2].combinator/chooseLeft
    SLICE_X5Y9           LUT3 (Prop_lut3_I2_O)        0.152     7.472 f  process/top/l1/memory_cell_instances[4].mem_cell/available_handle[7]_i_160/O
                         net (fo=2, routed)           1.192     8.664    process/top/l1/memory_cell_instances[6].mem_cell/available_handle_reg[7]_i_30_1
    SLICE_X2Y6           LUT6 (Prop_lut6_I3_O)        0.326     8.990 r  process/top/l1/memory_cell_instances[6].mem_cell/available_handle[7]_i_108/O
                         net (fo=1, routed)           0.643     9.633    process/top/l1/memory_cell_instances[6].mem_cell/available_handle[7]_i_108_n_0
    SLICE_X5Y7           CARRY4 (Prop_carry4_DI[1]_CO[3])
                                                      0.507    10.140 r  process/top/l1/memory_cell_instances[6].mem_cell/available_handle_reg[7]_i_31/CO[3]
                         net (fo=1, routed)           1.132    11.272    process/top/l1/memory_cell_instances[4].mem_cell/available_handle[7]_i_12_0[0]
    SLICE_X6Y7           LUT6 (Prop_lut6_I5_O)        0.124    11.396 r  process/top/l1/memory_cell_instances[4].mem_cell/available_handle[7]_i_20/O
                         net (fo=1, routed)           0.573    11.969    process/top/l1/memory_cell_instances[4].mem_cell/available_handle[7]_i_20_n_0
    SLICE_X7Y7           LUT6 (Prop_lut6_I1_O)        0.124    12.093 r  process/top/l1/memory_cell_instances[4].mem_cell/available_handle[7]_i_12/O
                         net (fo=31, routed)          0.968    13.061    process/top/l1/memory_cell_instances[4].mem_cell/chooseLeft
    SLICE_X4Y8           LUT5 (Prop_lut5_I4_O)        0.124    13.185 r  process/top/l1/memory_cell_instances[4].mem_cell/available_handle[7]_i_140/O
                         net (fo=4, routed)           1.188    14.373    process/top/l1/memory_cell_instances[4].mem_cell/result_signals\\.metadata_reg[3]_1
    SLICE_X11Y7          LUT4 (Prop_lut4_I2_O)        0.124    14.497 r  process/top/l1/memory_cell_instances[4].mem_cell/available_handle[7]_i_48/O
                         net (fo=1, routed)           0.000    14.497    process/top/l1/memory_cell_instances[4].mem_cell/available_handle[7]_i_48_n_0
    SLICE_X11Y7          CARRY4 (Prop_carry4_S[1]_CO[3])
                                                      0.550    15.047 f  process/top/l1/memory_cell_instances[4].mem_cell/available_handle_reg[7]_i_23/CO[3]
                         net (fo=1, routed)           1.118    16.165    process/top/l1/memory_cell_instances[0].mem_cell/available_handle[7]_i_8_0[0]
    SLICE_X8Y7           LUT6 (Prop_lut6_I5_O)        0.124    16.289 f  process/top/l1/memory_cell_instances[0].mem_cell/available_handle[7]_i_15/O
                         net (fo=1, routed)           0.286    16.575    process/top/l1/memory_cell_instances[0].mem_cell/available_handle[7]_i_15_n_0
    SLICE_X8Y7           LUT6 (Prop_lut6_I1_O)        0.124    16.699 f  process/top/l1/memory_cell_instances[0].mem_cell/available_handle[7]_i_8/O
                         net (fo=24, routed)          1.699    18.398    process/top/l1/memory_cell_instances[0].mem_cell/chooseLeft
    SLICE_X14Y2          LUT6 (Prop_lut6_I5_O)        0.124    18.522 r  process/top/l1/memory_cell_instances[0].mem_cell/instructionOfError[7]_i_26/O
                         net (fo=1, routed)           1.193    19.715    process/top/l1/memory_cell_instances[0].mem_cell/instructionOfError[7]_i_26_n_0
    SLICE_X10Y4          LUT6 (Prop_lut6_I3_O)        0.124    19.839 r  process/top/l1/memory_cell_instances[0].mem_cell/instructionOfError[7]_i_7/O
                         net (fo=1, routed)           0.670    20.509    process/top/l1/memory_cell_instances[0].mem_cell/instructionOfError[7]_i_7_n_0
    SLICE_X10Y4          LUT6 (Prop_lut6_I5_O)        0.124    20.633 r  process/top/l1/memory_cell_instances[0].mem_cell/instructionOfError[7]_i_2/O
                         net (fo=1, routed)           0.802    21.435    process/top/l1/memory_cell_instances[1].mem_cell/instructionOfError_reg[7]
    SLICE_X8Y4           LUT6 (Prop_lut6_I4_O)        0.124    21.559 r  process/top/l1/memory_cell_instances[1].mem_cell/instructionOfError[7]_i_1/O
                         net (fo=9, routed)           0.654    22.213    process/top/wasSuccessful_next
    SLICE_X10Y1          FDRE                                         r  process/top/instructionOfError_reg[5]/CE
  -------------------------------------------------------------------    -------------------

Slack:                    inf
  Source:                 process/top/l1/memory_cell_instances[5].mem_cell/result_signals\\.metadata_reg[2]/C
                            (rising edge-triggered cell FDRE)
  Destination:            process/top/instructionOfError_reg[6]/CE
  Path Group:             (none)
  Path Type:              Max at Slow Process Corner
  Data Path Delay:        22.213ns  (logic 4.136ns (18.620%)  route 18.077ns (81.380%))
  Logic Levels:           19  (CARRY4=3 FDRE=1 LUT3=1 LUT4=3 LUT5=1 LUT6=10)

    Location             Delay type                Incr(ns)  Path(ns)    Netlist Resource(s)
  -------------------------------------------------------------------    -------------------
    SLICE_X4Y11          FDRE                         0.000     0.000 r  process/top/l1/memory_cell_instances[5].mem_cell/result_signals\\.metadata_reg[2]/C
    SLICE_X4Y11          FDRE (Prop_fdre_C_Q)         0.456     0.456 r  process/top/l1/memory_cell_instances[5].mem_cell/result_signals\\.metadata_reg[2]/Q
                         net (fo=8, routed)           1.627     2.083    process/top/l1/memory_cell_instances[5].mem_cell/Q[2]
    SLICE_X6Y6           LUT4 (Prop_lut4_I0_O)        0.124     2.207 r  process/top/l1/memory_cell_instances[5].mem_cell/available_handle[7]_i_96/O
                         net (fo=1, routed)           0.000     2.207    process/top/l1/memory_cell_instances[5].mem_cell/available_handle[7]_i_96_n_0
    SLICE_X6Y6           CARRY4 (Prop_carry4_S[1]_CO[3])
                                                      0.533     2.740 r  process/top/l1/memory_cell_instances[5].mem_cell/available_handle_reg[7]_i_29/CO[3]
                         net (fo=1, routed)           1.114     3.854    process/top/l1/memory_cell_instances[4].mem_cell/CO[0]
    SLICE_X6Y7           LUT6 (Prop_lut6_I5_O)        0.124     3.978 r  process/top/l1/memory_cell_instances[4].mem_cell/available_handle[7]_i_19/O
                         net (fo=1, routed)           0.656     4.634    process/top/l1/memory_cell_instances[4].mem_cell/available_handle[7]_i_19_n_0
    SLICE_X7Y7           LUT4 (Prop_lut4_I1_O)        0.124     4.758 r  process/top/l1/memory_cell_instances[4].mem_cell/available_handle[7]_i_11/O
                         net (fo=39, routed)          2.562     7.320    process/top/l1/memory_cell_instances[4].mem_cell/tree_generation.genblk1[1].genblk1[2].combinator/chooseLeft
    SLICE_X5Y9           LUT3 (Prop_lut3_I2_O)        0.152     7.472 f  process/top/l1/memory_cell_instances[4].mem_cell/available_handle[7]_i_160/O
                         net (fo=2, routed)           1.192     8.664    process/top/l1/memory_cell_instances[6].mem_cell/available_handle_reg[7]_i_30_1
    SLICE_X2Y6           LUT6 (Prop_lut6_I3_O)        0.326     8.990 r  process/top/l1/memory_cell_instances[6].mem_cell/available_handle[7]_i_108/O
                         net (fo=1, routed)           0.643     9.633    process/top/l1/memory_cell_instances[6].mem_cell/available_handle[7]_i_108_n_0
    SLICE_X5Y7           CARRY4 (Prop_carry4_DI[1]_CO[3])
                                                      0.507    10.140 r  process/top/l1/memory_cell_instances[6].mem_cell/available_handle_reg[7]_i_31/CO[3]
                         net (fo=1, routed)           1.132    11.272    process/top/l1/memory_cell_instances[4].mem_cell/available_handle[7]_i_12_0[0]
    SLICE_X6Y7           LUT6 (Prop_lut6_I5_O)        0.124    11.396 r  process/top/l1/memory_cell_instances[4].mem_cell/available_handle[7]_i_20/O
                         net (fo=1, routed)           0.573    11.969    process/top/l1/memory_cell_instances[4].mem_cell/available_handle[7]_i_20_n_0
    SLICE_X7Y7           LUT6 (Prop_lut6_I1_O)        0.124    12.093 r  process/top/l1/memory_cell_instances[4].mem_cell/available_handle[7]_i_12/O
                         net (fo=31, routed)          0.968    13.061    process/top/l1/memory_cell_instances[4].mem_cell/chooseLeft
    SLICE_X4Y8           LUT5 (Prop_lut5_I4_O)        0.124    13.185 r  process/top/l1/memory_cell_instances[4].mem_cell/available_handle[7]_i_140/O
                         net (fo=4, routed)           1.188    14.373    process/top/l1/memory_cell_instances[4].mem_cell/result_signals\\.metadata_reg[3]_1
    SLICE_X11Y7          LUT4 (Prop_lut4_I2_O)        0.124    14.497 r  process/top/l1/memory_cell_instances[4].mem_cell/available_handle[7]_i_48/O
                         net (fo=1, routed)           0.000    14.497    process/top/l1/memory_cell_instances[4].mem_cell/available_handle[7]_i_48_n_0
    SLICE_X11Y7          CARRY4 (Prop_carry4_S[1]_CO[3])
                                                      0.550    15.047 f  process/top/l1/memory_cell_instances[4].mem_cell/available_handle_reg[7]_i_23/CO[3]
                         net (fo=1, routed)           1.118    16.165    process/top/l1/memory_cell_instances[0].mem_cell/available_handle[7]_i_8_0[0]
    SLICE_X8Y7           LUT6 (Prop_lut6_I5_O)        0.124    16.289 f  process/top/l1/memory_cell_instances[0].mem_cell/available_handle[7]_i_15/O
                         net (fo=1, routed)           0.286    16.575    process/top/l1/memory_cell_instances[0].mem_cell/available_handle[7]_i_15_n_0
    SLICE_X8Y7           LUT6 (Prop_lut6_I1_O)        0.124    16.699 f  process/top/l1/memory_cell_instances[0].mem_cell/available_handle[7]_i_8/O
                         net (fo=24, routed)          1.699    18.398    process/top/l1/memory_cell_instances[0].mem_cell/chooseLeft
    SLICE_X14Y2          LUT6 (Prop_lut6_I5_O)        0.124    18.522 r  process/top/l1/memory_cell_instances[0].mem_cell/instructionOfError[7]_i_26/O
                         net (fo=1, routed)           1.193    19.715    process/top/l1/memory_cell_instances[0].mem_cell/instructionOfError[7]_i_26_n_0
    SLICE_X10Y4          LUT6 (Prop_lut6_I3_O)        0.124    19.839 r  process/top/l1/memory_cell_instances[0].mem_cell/instructionOfError[7]_i_7/O
                         net (fo=1, routed)           0.670    20.509    process/top/l1/memory_cell_instances[0].mem_cell/instructionOfError[7]_i_7_n_0
    SLICE_X10Y4          LUT6 (Prop_lut6_I5_O)        0.124    20.633 r  process/top/l1/memory_cell_instances[0].mem_cell/instructionOfError[7]_i_2/O
                         net (fo=1, routed)           0.802    21.435    process/top/l1/memory_cell_instances[1].mem_cell/instructionOfError_reg[7]
    SLICE_X8Y4           LUT6 (Prop_lut6_I4_O)        0.124    21.559 r  process/top/l1/memory_cell_instances[1].mem_cell/instructionOfError[7]_i_1/O
                         net (fo=9, routed)           0.654    22.213    process/top/wasSuccessful_next
    SLICE_X10Y1          FDRE                                         r  process/top/instructionOfError_reg[6]/CE
  -------------------------------------------------------------------    -------------------

Slack:                    inf
  Source:                 process/top/l1/memory_cell_instances[5].mem_cell/result_signals\\.metadata_reg[2]/C
                            (rising edge-triggered cell FDRE)
  Destination:            process/top/instructionOfError_reg[7]/CE
  Path Group:             (none)
  Path Type:              Max at Slow Process Corner
  Data Path Delay:        22.213ns  (logic 4.136ns (18.620%)  route 18.077ns (81.380%))
  Logic Levels:           19  (CARRY4=3 FDRE=1 LUT3=1 LUT4=3 LUT5=1 LUT6=10)

    Location             Delay type                Incr(ns)  Path(ns)    Netlist Resource(s)
  -------------------------------------------------------------------    -------------------
    SLICE_X4Y11          FDRE                         0.000     0.000 r  process/top/l1/memory_cell_instances[5].mem_cell/result_signals\\.metadata_reg[2]/C
    SLICE_X4Y11          FDRE (Prop_fdre_C_Q)         0.456     0.456 r  process/top/l1/memory_cell_instances[5].mem_cell/result_signals\\.metadata_reg[2]/Q
                         net (fo=8, routed)           1.627     2.083    process/top/l1/memory_cell_instances[5].mem_cell/Q[2]
    SLICE_X6Y6           LUT4 (Prop_lut4_I0_O)        0.124     2.207 r  process/top/l1/memory_cell_instances[5].mem_cell/available_handle[7]_i_96/O
                         net (fo=1, routed)           0.000     2.207    process/top/l1/memory_cell_instances[5].mem_cell/available_handle[7]_i_96_n_0
    SLICE_X6Y6           CARRY4 (Prop_carry4_S[1]_CO[3])
                                                      0.533     2.740 r  process/top/l1/memory_cell_instances[5].mem_cell/available_handle_reg[7]_i_29/CO[3]
                         net (fo=1, routed)           1.114     3.854    process/top/l1/memory_cell_instances[4].mem_cell/CO[0]
    SLICE_X6Y7           LUT6 (Prop_lut6_I5_O)        0.124     3.978 r  process/top/l1/memory_cell_instances[4].mem_cell/available_handle[7]_i_19/O
                         net (fo=1, routed)           0.656     4.634    process/top/l1/memory_cell_instances[4].mem_cell/available_handle[7]_i_19_n_0
    SLICE_X7Y7           LUT4 (Prop_lut4_I1_O)        0.124     4.758 r  process/top/l1/memory_cell_instances[4].mem_cell/available_handle[7]_i_11/O
                         net (fo=39, routed)          2.562     7.320    process/top/l1/memory_cell_instances[4].mem_cell/tree_generation.genblk1[1].genblk1[2].combinator/chooseLeft
    SLICE_X5Y9           LUT3 (Prop_lut3_I2_O)        0.152     7.472 f  process/top/l1/memory_cell_instances[4].mem_cell/available_handle[7]_i_160/O
                         net (fo=2, routed)           1.192     8.664    process/top/l1/memory_cell_instances[6].mem_cell/available_handle_reg[7]_i_30_1
    SLICE_X2Y6           LUT6 (Prop_lut6_I3_O)        0.326     8.990 r  process/top/l1/memory_cell_instances[6].mem_cell/available_handle[7]_i_108/O
                         net (fo=1, routed)           0.643     9.633    process/top/l1/memory_cell_instances[6].mem_cell/available_handle[7]_i_108_n_0
    SLICE_X5Y7           CARRY4 (Prop_carry4_DI[1]_CO[3])
                                                      0.507    10.140 r  process/top/l1/memory_cell_instances[6].mem_cell/available_handle_reg[7]_i_31/CO[3]
                         net (fo=1, routed)           1.132    11.272    process/top/l1/memory_cell_instances[4].mem_cell/available_handle[7]_i_12_0[0]
    SLICE_X6Y7           LUT6 (Prop_lut6_I5_O)        0.124    11.396 r  process/top/l1/memory_cell_instances[4].mem_cell/available_handle[7]_i_20/O
                         net (fo=1, routed)           0.573    11.969    process/top/l1/memory_cell_instances[4].mem_cell/available_handle[7]_i_20_n_0
    SLICE_X7Y7           LUT6 (Prop_lut6_I1_O)        0.124    12.093 r  process/top/l1/memory_cell_instances[4].mem_cell/available_handle[7]_i_12/O
                         net (fo=31, routed)          0.968    13.061    process/top/l1/memory_cell_instances[4].mem_cell/chooseLeft
    SLICE_X4Y8           LUT5 (Prop_lut5_I4_O)        0.124    13.185 r  process/top/l1/memory_cell_instances[4].mem_cell/available_handle[7]_i_140/O
                         net (fo=4, routed)           1.188    14.373    process/top/l1/memory_cell_instances[4].mem_cell/result_signals\\.metadata_reg[3]_1
    SLICE_X11Y7          LUT4 (Prop_lut4_I2_O)        0.124    14.497 r  process/top/l1/memory_cell_instances[4].mem_cell/available_handle[7]_i_48/O
                         net (fo=1, routed)           0.000    14.497    process/top/l1/memory_cell_instances[4].mem_cell/available_handle[7]_i_48_n_0
    SLICE_X11Y7          CARRY4 (Prop_carry4_S[1]_CO[3])
                                                      0.550    15.047 f  process/top/l1/memory_cell_instances[4].mem_cell/available_handle_reg[7]_i_23/CO[3]
                         net (fo=1, routed)           1.118    16.165    process/top/l1/memory_cell_instances[0].mem_cell/available_handle[7]_i_8_0[0]
    SLICE_X8Y7           LUT6 (Prop_lut6_I5_O)        0.124    16.289 f  process/top/l1/memory_cell_instances[0].mem_cell/available_handle[7]_i_15/O
                         net (fo=1, routed)           0.286    16.575    process/top/l1/memory_cell_instances[0].mem_cell/available_handle[7]_i_15_n_0
    SLICE_X8Y7           LUT6 (Prop_lut6_I1_O)        0.124    16.699 f  process/top/l1/memory_cell_instances[0].mem_cell/available_handle[7]_i_8/O
                         net (fo=24, routed)          1.699    18.398    process/top/l1/memory_cell_instances[0].mem_cell/chooseLeft
    SLICE_X14Y2          LUT6 (Prop_lut6_I5_O)        0.124    18.522 r  process/top/l1/memory_cell_instances[0].mem_cell/instructionOfError[7]_i_26/O
                         net (fo=1, routed)           1.193    19.715    process/top/l1/memory_cell_instances[0].mem_cell/instructionOfError[7]_i_26_n_0
    SLICE_X10Y4          LUT6 (Prop_lut6_I3_O)        0.124    19.839 r  process/top/l1/memory_cell_instances[0].mem_cell/instructionOfError[7]_i_7/O
                         net (fo=1, routed)           0.670    20.509    process/top/l1/memory_cell_instances[0].mem_cell/instructionOfError[7]_i_7_n_0
    SLICE_X10Y4          LUT6 (Prop_lut6_I5_O)        0.124    20.633 r  process/top/l1/memory_cell_instances[0].mem_cell/instructionOfError[7]_i_2/O
                         net (fo=1, routed)           0.802    21.435    process/top/l1/memory_cell_instances[1].mem_cell/instructionOfError_reg[7]
    SLICE_X8Y4           LUT6 (Prop_lut6_I4_O)        0.124    21.559 r  process/top/l1/memory_cell_instances[1].mem_cell/instructionOfError[7]_i_1/O
                         net (fo=9, routed)           0.654    22.213    process/top/wasSuccessful_next
    SLICE_X10Y1          FDRE                                         r  process/top/instructionOfError_reg[7]/CE
  -------------------------------------------------------------------    -------------------

Slack:                    inf
  Source:                 process/top/l1/memory_cell_instances[5].mem_cell/result_signals\\.metadata_reg[2]/C
                            (rising edge-triggered cell FDRE)
  Destination:            process/top/wasSuccessful_reg/D
  Path Group:             (none)
  Path Type:              Max at Slow Process Corner
  Data Path Delay:        22.102ns  (logic 4.260ns (19.274%)  route 17.842ns (80.726%))
  Logic Levels:           20  (CARRY4=3 FDRE=1 LUT2=1 LUT3=1 LUT4=3 LUT5=1 LUT6=10)

    Location             Delay type                Incr(ns)  Path(ns)    Netlist Resource(s)
  -------------------------------------------------------------------    -------------------
    SLICE_X4Y11          FDRE                         0.000     0.000 r  process/top/l1/memory_cell_instances[5].mem_cell/result_signals\\.metadata_reg[2]/C
    SLICE_X4Y11          FDRE (Prop_fdre_C_Q)         0.456     0.456 r  process/top/l1/memory_cell_instances[5].mem_cell/result_signals\\.metadata_reg[2]/Q
                         net (fo=8, routed)           1.627     2.083    process/top/l1/memory_cell_instances[5].mem_cell/Q[2]
    SLICE_X6Y6           LUT4 (Prop_lut4_I0_O)        0.124     2.207 r  process/top/l1/memory_cell_instances[5].mem_cell/available_handle[7]_i_96/O
                         net (fo=1, routed)           0.000     2.207    process/top/l1/memory_cell_instances[5].mem_cell/available_handle[7]_i_96_n_0
    SLICE_X6Y6           CARRY4 (Prop_carry4_S[1]_CO[3])
                                                      0.533     2.740 r  process/top/l1/memory_cell_instances[5].mem_cell/available_handle_reg[7]_i_29/CO[3]
                         net (fo=1, routed)           1.114     3.854    process/top/l1/memory_cell_instances[4].mem_cell/CO[0]
    SLICE_X6Y7           LUT6 (Prop_lut6_I5_O)        0.124     3.978 r  process/top/l1/memory_cell_instances[4].mem_cell/available_handle[7]_i_19/O
                         net (fo=1, routed)           0.656     4.634    process/top/l1/memory_cell_instances[4].mem_cell/available_handle[7]_i_19_n_0
    SLICE_X7Y7           LUT4 (Prop_lut4_I1_O)        0.124     4.758 r  process/top/l1/memory_cell_instances[4].mem_cell/available_handle[7]_i_11/O
                         net (fo=39, routed)          2.562     7.320    process/top/l1/memory_cell_instances[4].mem_cell/tree_generation.genblk1[1].genblk1[2].combinator/chooseLeft
    SLICE_X5Y9           LUT3 (Prop_lut3_I2_O)        0.152     7.472 f  process/top/l1/memory_cell_instances[4].mem_cell/available_handle[7]_i_160/O
                         net (fo=2, routed)           1.192     8.664    process/top/l1/memory_cell_instances[6].mem_cell/available_handle_reg[7]_i_30_1
    SLICE_X2Y6           LUT6 (Prop_lut6_I3_O)        0.326     8.990 r  process/top/l1/memory_cell_instances[6].mem_cell/available_handle[7]_i_108/O
                         net (fo=1, routed)           0.643     9.633    process/top/l1/memory_cell_instances[6].mem_cell/available_handle[7]_i_108_n_0
    SLICE_X5Y7           CARRY4 (Prop_carry4_DI[1]_CO[3])
                                                      0.507    10.140 r  process/top/l1/memory_cell_instances[6].mem_cell/available_handle_reg[7]_i_31/CO[3]
                         net (fo=1, routed)           1.132    11.272    process/top/l1/memory_cell_instances[4].mem_cell/available_handle[7]_i_12_0[0]
    SLICE_X6Y7           LUT6 (Prop_lut6_I5_O)        0.124    11.396 r  process/top/l1/memory_cell_instances[4].mem_cell/available_handle[7]_i_20/O
                         net (fo=1, routed)           0.573    11.969    process/top/l1/memory_cell_instances[4].mem_cell/available_handle[7]_i_20_n_0
    SLICE_X7Y7           LUT6 (Prop_lut6_I1_O)        0.124    12.093 r  process/top/l1/memory_cell_instances[4].mem_cell/available_handle[7]_i_12/O
                         net (fo=31, routed)          0.968    13.061    process/top/l1/memory_cell_instances[4].mem_cell/chooseLeft
    SLICE_X4Y8           LUT5 (Prop_lut5_I4_O)        0.124    13.185 r  process/top/l1/memory_cell_instances[4].mem_cell/available_handle[7]_i_140/O
                         net (fo=4, routed)           1.188    14.373    process/top/l1/memory_cell_instances[4].mem_cell/result_signals\\.metadata_reg[3]_1
    SLICE_X11Y7          LUT4 (Prop_lut4_I2_O)        0.124    14.497 r  process/top/l1/memory_cell_instances[4].mem_cell/available_handle[7]_i_48/O
                         net (fo=1, routed)           0.000    14.497    process/top/l1/memory_cell_instances[4].mem_cell/available_handle[7]_i_48_n_0
    SLICE_X11Y7          CARRY4 (Prop_carry4_S[1]_CO[3])
                                                      0.550    15.047 f  process/top/l1/memory_cell_instances[4].mem_cell/available_handle_reg[7]_i_23/CO[3]
                         net (fo=1, routed)           1.118    16.165    process/top/l1/memory_cell_instances[0].mem_cell/available_handle[7]_i_8_0[0]
    SLICE_X8Y7           LUT6 (Prop_lut6_I5_O)        0.124    16.289 f  process/top/l1/memory_cell_instances[0].mem_cell/available_handle[7]_i_15/O
                         net (fo=1, routed)           0.286    16.575    process/top/l1/memory_cell_instances[0].mem_cell/available_handle[7]_i_15_n_0
    SLICE_X8Y7           LUT6 (Prop_lut6_I1_O)        0.124    16.699 f  process/top/l1/memory_cell_instances[0].mem_cell/available_handle[7]_i_8/O
                         net (fo=24, routed)          1.699    18.398    process/top/l1/memory_cell_instances[0].mem_cell/chooseLeft
    SLICE_X14Y2          LUT6 (Prop_lut6_I5_O)        0.124    18.522 r  process/top/l1/memory_cell_instances[0].mem_cell/instructionOfError[7]_i_26/O
                         net (fo=1, routed)           1.193    19.715    process/top/l1/memory_cell_instances[0].mem_cell/instructionOfError[7]_i_26_n_0
    SLICE_X10Y4          LUT6 (Prop_lut6_I3_O)        0.124    19.839 f  process/top/l1/memory_cell_instances[0].mem_cell/instructionOfError[7]_i_7/O
                         net (fo=1, routed)           0.670    20.509    process/top/l1/memory_cell_instances[0].mem_cell/instructionOfError[7]_i_7_n_0
    SLICE_X10Y4          LUT6 (Prop_lut6_I5_O)        0.124    20.633 f  process/top/l1/memory_cell_instances[0].mem_cell/instructionOfError[7]_i_2/O
                         net (fo=1, routed)           0.802    21.435    process/top/l1/memory_cell_instances[1].mem_cell/instructionOfError_reg[7]
    SLICE_X8Y4           LUT6 (Prop_lut6_I4_O)        0.124    21.559 f  process/top/l1/memory_cell_instances[1].mem_cell/instructionOfError[7]_i_1/O
                         net (fo=9, routed)           0.419    21.978    process/top/l1/memory_cell_instances[1].mem_cell/E[0]
    SLICE_X11Y4          LUT2 (Prop_lut2_I1_O)        0.124    22.102 r  process/top/l1/memory_cell_instances[1].mem_cell/wasSuccessful_i_1/O
                         net (fo=1, routed)           0.000    22.102    process/top/l1_n_3
    SLICE_X11Y4          FDSE                                         r  process/top/wasSuccessful_reg/D
  -------------------------------------------------------------------    -------------------

Slack:                    inf
  Source:                 process/top/l1/memory_cell_instances[5].mem_cell/result_signals\\.metadata_reg[2]/C
                            (rising edge-triggered cell FDRE)
  Destination:            process/top/address_reg[3]/CE
  Path Group:             (none)
  Path Type:              Max at Slow Process Corner
  Data Path Delay:        21.579ns  (logic 4.136ns (19.167%)  route 17.443ns (80.833%))
  Logic Levels:           19  (CARRY4=3 FDRE=1 LUT3=2 LUT4=3 LUT5=2 LUT6=8)

    Location             Delay type                Incr(ns)  Path(ns)    Netlist Resource(s)
  -------------------------------------------------------------------    -------------------
    SLICE_X4Y11          FDRE                         0.000     0.000 r  process/top/l1/memory_cell_instances[5].mem_cell/result_signals\\.metadata_reg[2]/C
    SLICE_X4Y11          FDRE (Prop_fdre_C_Q)         0.456     0.456 r  process/top/l1/memory_cell_instances[5].mem_cell/result_signals\\.metadata_reg[2]/Q
                         net (fo=8, routed)           1.627     2.083    process/top/l1/memory_cell_instances[5].mem_cell/Q[2]
    SLICE_X6Y6           LUT4 (Prop_lut4_I0_O)        0.124     2.207 r  process/top/l1/memory_cell_instances[5].mem_cell/available_handle[7]_i_96/O
                         net (fo=1, routed)           0.000     2.207    process/top/l1/memory_cell_instances[5].mem_cell/available_handle[7]_i_96_n_0
    SLICE_X6Y6           CARRY4 (Prop_carry4_S[1]_CO[3])
                                                      0.533     2.740 r  process/top/l1/memory_cell_instances[5].mem_cell/available_handle_reg[7]_i_29/CO[3]
                         net (fo=1, routed)           1.114     3.854    process/top/l1/memory_cell_instances[4].mem_cell/CO[0]
    SLICE_X6Y7           LUT6 (Prop_lut6_I5_O)        0.124     3.978 r  process/top/l1/memory_cell_instances[4].mem_cell/available_handle[7]_i_19/O
                         net (fo=1, routed)           0.656     4.634    process/top/l1/memory_cell_instances[4].mem_cell/available_handle[7]_i_19_n_0
    SLICE_X7Y7           LUT4 (Prop_lut4_I1_O)        0.124     4.758 r  process/top/l1/memory_cell_instances[4].mem_cell/available_handle[7]_i_11/O
                         net (fo=39, routed)          2.562     7.320    process/top/l1/memory_cell_instances[4].mem_cell/tree_generation.genblk1[1].genblk1[2].combinator/chooseLeft
    SLICE_X5Y9           LUT3 (Prop_lut3_I2_O)        0.152     7.472 f  process/top/l1/memory_cell_instances[4].mem_cell/available_handle[7]_i_160/O
                         net (fo=2, routed)           1.192     8.664    process/top/l1/memory_cell_instances[6].mem_cell/available_handle_reg[7]_i_30_1
    SLICE_X2Y6           LUT6 (Prop_lut6_I3_O)        0.326     8.990 r  process/top/l1/memory_cell_instances[6].mem_cell/available_handle[7]_i_108/O
                         net (fo=1, routed)           0.643     9.633    process/top/l1/memory_cell_instances[6].mem_cell/available_handle[7]_i_108_n_0
    SLICE_X5Y7           CARRY4 (Prop_carry4_DI[1]_CO[3])
                                                      0.507    10.140 r  process/top/l1/memory_cell_instances[6].mem_cell/available_handle_reg[7]_i_31/CO[3]
                         net (fo=1, routed)           1.132    11.272    process/top/l1/memory_cell_instances[4].mem_cell/available_handle[7]_i_12_0[0]
    SLICE_X6Y7           LUT6 (Prop_lut6_I5_O)        0.124    11.396 r  process/top/l1/memory_cell_instances[4].mem_cell/available_handle[7]_i_20/O
                         net (fo=1, routed)           0.573    11.969    process/top/l1/memory_cell_instances[4].mem_cell/available_handle[7]_i_20_n_0
    SLICE_X7Y7           LUT6 (Prop_lut6_I1_O)        0.124    12.093 r  process/top/l1/memory_cell_instances[4].mem_cell/available_handle[7]_i_12/O
                         net (fo=31, routed)          0.968    13.061    process/top/l1/memory_cell_instances[4].mem_cell/chooseLeft
    SLICE_X4Y8           LUT5 (Prop_lut5_I4_O)        0.124    13.185 r  process/top/l1/memory_cell_instances[4].mem_cell/available_handle[7]_i_140/O
                         net (fo=4, routed)           1.188    14.373    process/top/l1/memory_cell_instances[4].mem_cell/result_signals\\.metadata_reg[3]_1
    SLICE_X11Y7          LUT4 (Prop_lut4_I2_O)        0.124    14.497 r  process/top/l1/memory_cell_instances[4].mem_cell/available_handle[7]_i_48/O
                         net (fo=1, routed)           0.000    14.497    process/top/l1/memory_cell_instances[4].mem_cell/available_handle[7]_i_48_n_0
    SLICE_X11Y7          CARRY4 (Prop_carry4_S[1]_CO[3])
                                                      0.550    15.047 r  process/top/l1/memory_cell_instances[4].mem_cell/available_handle_reg[7]_i_23/CO[3]
                         net (fo=1, routed)           1.118    16.165    process/top/l1/memory_cell_instances[0].mem_cell/available_handle[7]_i_8_0[0]
    SLICE_X8Y7           LUT6 (Prop_lut6_I5_O)        0.124    16.289 r  process/top/l1/memory_cell_instances[0].mem_cell/available_handle[7]_i_15/O
                         net (fo=1, routed)           0.286    16.575    process/top/l1/memory_cell_instances[0].mem_cell/available_handle[7]_i_15_n_0
    SLICE_X8Y7           LUT6 (Prop_lut6_I1_O)        0.124    16.699 r  process/top/l1/memory_cell_instances[0].mem_cell/available_handle[7]_i_8/O
                         net (fo=24, routed)          1.307    18.007    process/top/l1/memory_cell_instances[0].mem_cell/chooseLeft
    SLICE_X10Y3          LUT5 (Prop_lut5_I4_O)        0.124    18.131 r  process/top/l1/memory_cell_instances[0].mem_cell/available_handle[4]_i_1/O
                         net (fo=4, routed)           0.843    18.974    process/top/l1/memory_cell_instances[0].mem_cell/D[4]
    SLICE_X10Y4          LUT6 (Prop_lut6_I5_O)        0.124    19.098 f  process/top/l1/memory_cell_instances[0].mem_cell/address[3]_i_5/O
                         net (fo=2, routed)           0.673    19.770    process/top/l1/memory_cell_instances[0].mem_cell/address[3]_i_5_n_0
    SLICE_X10Y5          LUT6 (Prop_lut6_I0_O)        0.124    19.894 r  process/top/l1/memory_cell_instances[0].mem_cell/address[3]_i_3/O
                         net (fo=3, routed)           0.617    20.511    process/top/l1/memory_cell_instances[0].mem_cell/isRunning_next__0
    SLICE_X8Y5           LUT3 (Prop_lut3_I2_O)        0.124    20.635 r  process/top/l1/memory_cell_instances[0].mem_cell/address[3]_i_1/O
                         net (fo=29, routed)          0.944    21.579    process/top/address_next
    SLICE_X9Y0           FDRE                                         r  process/top/address_reg[3]/CE
  -------------------------------------------------------------------    -------------------





Min Delay Paths
--------------------------------------------------------------------------------------
Slack:                    inf
  Source:                 process/doRun_reg[0]/C
                            (rising edge-triggered cell FDRE)
  Destination:            process/top/doRun_synced_reg/D
  Path Group:             (none)
  Path Type:              Min at Fast Process Corner
  Data Path Delay:        0.231ns  (logic 0.164ns (70.995%)  route 0.067ns (29.005%))
  Logic Levels:           1  (FDRE=1)

    Location             Delay type                Incr(ns)  Path(ns)    Netlist Resource(s)
  -------------------------------------------------------------------    -------------------
    SLICE_X8Y3           FDRE                         0.000     0.000 r  process/doRun_reg[0]/C
    SLICE_X8Y3           FDRE (Prop_fdre_C_Q)         0.164     0.164 r  process/doRun_reg[0]/Q
                         net (fo=2, routed)           0.067     0.231    process/top/doRun_synced_reg_0
    SLICE_X8Y3           FDRE                                         r  process/top/doRun_synced_reg/D
  -------------------------------------------------------------------    -------------------

Slack:                    inf
  Source:                 process/outputReg_reg[30]/C
                            (rising edge-triggered cell FDRE)
  Destination:            dataInterface/txRegister_reg[30]/D
  Path Group:             (none)
  Path Type:              Min at Fast Process Corner
  Data Path Delay:        0.253ns  (logic 0.141ns (55.730%)  route 0.112ns (44.270%))
  Logic Levels:           1  (FDRE=1)

    Location             Delay type                Incr(ns)  Path(ns)    Netlist Resource(s)
  -------------------------------------------------------------------    -------------------
    SLICE_X11Y1          FDRE                         0.000     0.000 r  process/outputReg_reg[30]/C
    SLICE_X11Y1          FDRE (Prop_fdre_C_Q)         0.141     0.141 r  process/outputReg_reg[30]/Q
                         net (fo=1, routed)           0.112     0.253    dataInterface/txRegister_reg[31]_0[6]
    SLICE_X10Y2          FDRE                                         r  dataInterface/txRegister_reg[30]/D
  -------------------------------------------------------------------    -------------------

Slack:                    inf
  Source:                 dataInterface/txRegister_reg[27]/C
                            (rising edge-triggered cell FDRE)
  Destination:            dataInterface/txRegister_reg[35]/D
  Path Group:             (none)
  Path Type:              Min at Fast Process Corner
  Data Path Delay:        0.254ns  (logic 0.141ns (55.511%)  route 0.113ns (44.489%))
  Logic Levels:           1  (FDRE=1)

    Location             Delay type                Incr(ns)  Path(ns)    Netlist Resource(s)
  -------------------------------------------------------------------    -------------------
    SLICE_X11Y0          FDRE                         0.000     0.000 r  dataInterface/txRegister_reg[27]/C
    SLICE_X11Y0          FDRE (Prop_fdre_C_Q)         0.141     0.141 r  dataInterface/txRegister_reg[27]/Q
                         net (fo=1, routed)           0.113     0.254    dataInterface/txRegister_reg_n_0_[27]
    SLICE_X10Y0          FDRE                                         r  dataInterface/txRegister_reg[35]/D
  -------------------------------------------------------------------    -------------------

Slack:                    inf
  Source:                 process/top/l1/memory_cell_instances[5].mem_cell/rank_reg[3]/C
                            (rising edge-triggered cell FDRE)
  Destination:            process/top/l1/memory_cell_instances[5].mem_cell/result_signals\\.metadata_reg[3]/D
  Path Group:             (none)
  Path Type:              Min at Fast Process Corner
  Data Path Delay:        0.257ns  (logic 0.186ns (72.481%)  route 0.071ns (27.519%))
  Logic Levels:           2  (FDRE=1 LUT5=1)

    Location             Delay type                Incr(ns)  Path(ns)    Netlist Resource(s)
  -------------------------------------------------------------------    -------------------
    SLICE_X5Y9           FDRE                         0.000     0.000 r  process/top/l1/memory_cell_instances[5].mem_cell/rank_reg[3]/C
    SLICE_X5Y9           FDRE (Prop_fdre_C_Q)         0.141     0.141 r  process/top/l1/memory_cell_instances[5].mem_cell/rank_reg[3]/Q
                         net (fo=2, routed)           0.071     0.212    process/top/l1/memory_cell_instances[5].mem_cell/rank_reg_n_0_[3]
    SLICE_X4Y9           LUT5 (Prop_lut5_I4_O)        0.045     0.257 r  process/top/l1/memory_cell_instances[5].mem_cell/result_signals\\.metadata[3]_i_1__1/O
                         net (fo=1, routed)           0.000     0.257    process/top/l1/memory_cell_instances[5].mem_cell/result_signals\\.metadata[3]_i_1__1_n_0
    SLICE_X4Y9           FDRE                                         r  process/top/l1/memory_cell_instances[5].mem_cell/result_signals\\.metadata_reg[3]/D
  -------------------------------------------------------------------    -------------------

Slack:                    inf
  Source:                 process/outputReg_reg[24]/C
                            (rising edge-triggered cell FDRE)
  Destination:            dataInterface/txRegister_reg[24]/D
  Path Group:             (none)
  Path Type:              Min at Fast Process Corner
  Data Path Delay:        0.257ns  (logic 0.141ns (54.783%)  route 0.116ns (45.217%))
  Logic Levels:           1  (FDRE=1)

    Location             Delay type                Incr(ns)  Path(ns)    Netlist Resource(s)
  -------------------------------------------------------------------    -------------------
    SLICE_X11Y2          FDRE                         0.000     0.000 r  process/outputReg_reg[24]/C
    SLICE_X11Y2          FDRE (Prop_fdre_C_Q)         0.141     0.141 r  process/outputReg_reg[24]/Q
                         net (fo=1, routed)           0.116     0.257    dataInterface/txRegister_reg[31]_0[0]
    SLICE_X10Y2          FDRE                                         r  dataInterface/txRegister_reg[24]/D
  -------------------------------------------------------------------    -------------------

Slack:                    inf
  Source:                 process/top/blockROM/U0/inst_blk_mem_gen/gnbram.gnative_mem_map_bmg.native_mem_map_blk_mem_gen/valid.cstr/ramloop[0].ram.r/SAFETY_CKT_GEN.RSTA_SHFT_REG_reg[0]/C
                            (rising edge-triggered cell FDRE)
  Destination:            process/top/blockROM/U0/inst_blk_mem_gen/gnbram.gnative_mem_map_bmg.native_mem_map_blk_mem_gen/valid.cstr/ramloop[0].ram.r/SAFETY_CKT_GEN.RSTA_SHFT_REG_reg[3]_srl3/D
  Path Group:             (none)
  Path Type:              Min at Fast Process Corner
  Data Path Delay:        0.259ns  (logic 0.128ns (49.416%)  route 0.131ns (50.584%))
  Logic Levels:           1  (FDRE=1)

    Location             Delay type                Incr(ns)  Path(ns)    Netlist Resource(s)
  -------------------------------------------------------------------    -------------------
    SLICE_X15Y0          FDRE                         0.000     0.000 r  process/top/blockROM/U0/inst_blk_mem_gen/gnbram.gnative_mem_map_bmg.native_mem_map_blk_mem_gen/valid.cstr/ramloop[0].ram.r/SAFETY_CKT_GEN.RSTA_SHFT_REG_reg[0]/C
    SLICE_X15Y0          FDRE (Prop_fdre_C_Q)         0.128     0.128 r  process/top/blockROM/U0/inst_blk_mem_gen/gnbram.gnative_mem_map_bmg.native_mem_map_blk_mem_gen/valid.cstr/ramloop[0].ram.r/SAFETY_CKT_GEN.RSTA_SHFT_REG_reg[0]/Q
                         net (fo=2, routed)           0.131     0.259    process/top/blockROM/U0/inst_blk_mem_gen/gnbram.gnative_mem_map_bmg.native_mem_map_blk_mem_gen/valid.cstr/ramloop[0].ram.r/RSTA_SHFT_REG[0]
    SLICE_X14Y0          SRL16E                                       r  process/top/blockROM/U0/inst_blk_mem_gen/gnbram.gnative_mem_map_bmg.native_mem_map_blk_mem_gen/valid.cstr/ramloop[0].ram.r/SAFETY_CKT_GEN.RSTA_SHFT_REG_reg[3]_srl3/D
  -------------------------------------------------------------------    -------------------

Slack:                    inf
  Source:                 debouncer/d1/q_reg/C
                            (rising edge-triggered cell FDRE)
  Destination:            debouncer/d2/q_reg/D
  Path Group:             (none)
  Path Type:              Min at Fast Process Corner
  Data Path Delay:        0.262ns  (logic 0.128ns (48.889%)  route 0.134ns (51.111%))
  Logic Levels:           1  (FDRE=1)

    Location             Delay type                Incr(ns)  Path(ns)    Netlist Resource(s)
  -------------------------------------------------------------------    -------------------
    SLICE_X1Y6           FDRE                         0.000     0.000 r  debouncer/d1/q_reg/C
    SLICE_X1Y6           FDRE (Prop_fdre_C_Q)         0.128     0.128 r  debouncer/d1/q_reg/Q
                         net (fo=2, routed)           0.134     0.262    debouncer/d2/q1
    SLICE_X1Y6           FDRE                                         r  debouncer/d2/q_reg/D
  -------------------------------------------------------------------    -------------------

Slack:                    inf
  Source:                 dataInterface/uart/receiver/FSM_onehot_divider_reg[1]/C
                            (rising edge-triggered cell FDRE)
  Destination:            dataInterface/uart/receiver/FSM_onehot_divider_reg[2]/D
  Path Group:             (none)
  Path Type:              Min at Fast Process Corner
  Data Path Delay:        0.262ns  (logic 0.141ns (53.794%)  route 0.121ns (46.206%))
  Logic Levels:           1  (FDRE=1)

    Location             Delay type                Incr(ns)  Path(ns)    Netlist Resource(s)
  -------------------------------------------------------------------    -------------------
    SLICE_X1Y0           FDRE                         0.000     0.000 r  dataInterface/uart/receiver/FSM_onehot_divider_reg[1]/C
    SLICE_X1Y0           FDRE (Prop_fdre_C_Q)         0.141     0.141 r  dataInterface/uart/receiver/FSM_onehot_divider_reg[1]/Q
                         net (fo=2, routed)           0.121     0.262    dataInterface/uart/receiver/FSM_onehot_divider_reg_n_0_[1]
    SLICE_X1Y0           FDRE                                         r  dataInterface/uart/receiver/FSM_onehot_divider_reg[2]/D
  -------------------------------------------------------------------    -------------------

Slack:                    inf
  Source:                 dataInterface/uart/receiver/FSM_onehot_divider_reg[3]/C
                            (rising edge-triggered cell FDRE)
  Destination:            dataInterface/uart/receiver/FSM_onehot_divider_reg[0]/D
  Path Group:             (none)
  Path Type:              Min at Fast Process Corner
  Data Path Delay:        0.263ns  (logic 0.141ns (53.584%)  route 0.122ns (46.416%))
  Logic Levels:           1  (FDRE=1)

    Location             Delay type                Incr(ns)  Path(ns)    Netlist Resource(s)
  -------------------------------------------------------------------    -------------------
    SLICE_X1Y0           FDRE                         0.000     0.000 r  dataInterface/uart/receiver/FSM_onehot_divider_reg[3]/C
    SLICE_X1Y0           FDRE (Prop_fdre_C_Q)         0.141     0.141 r  dataInterface/uart/receiver/FSM_onehot_divider_reg[3]/Q
                         net (fo=3, routed)           0.122     0.263    dataInterface/uart/receiver/FSM_onehot_divider_reg_n_0_[3]
    SLICE_X1Y0           FDSE                                         r  dataInterface/uart/receiver/FSM_onehot_divider_reg[0]/D
  -------------------------------------------------------------------    -------------------

Slack:                    inf
  Source:                 process/top/l1/memory_cell_instances[4].mem_cell/rank_reg[6]/C
                            (rising edge-triggered cell FDRE)
  Destination:            process/top/l1/memory_cell_instances[4].mem_cell/result_signals\\.value_reg[6]/D
  Path Group:             (none)
  Path Type:              Min at Fast Process Corner
  Data Path Delay:        0.272ns  (logic 0.209ns (76.780%)  route 0.063ns (23.220%))
  Logic Levels:           2  (FDRE=1 LUT6=1)

    Location             Delay type                Incr(ns)  Path(ns)    Netlist Resource(s)
  -------------------------------------------------------------------    -------------------
    SLICE_X6Y6           FDRE                         0.000     0.000 r  process/top/l1/memory_cell_instances[4].mem_cell/rank_reg[6]/C
    SLICE_X6Y6           FDRE (Prop_fdre_C_Q)         0.164     0.164 r  process/top/l1/memory_cell_instances[4].mem_cell/rank_reg[6]/Q
                         net (fo=2, routed)           0.063     0.227    process/top/l1/memory_cell_instances[4].mem_cell/rank_reg_n_0_[6]
    SLICE_X7Y6           LUT6 (Prop_lut6_I1_O)        0.045     0.272 r  process/top/l1/memory_cell_instances[4].mem_cell/result_signals\\.value[6]_i_1__2/O
                         net (fo=1, routed)           0.000     0.272    process/top/l1/memory_cell_instances[4].mem_cell/result_signals\\.value[6]_i_1__2_n_0
    SLICE_X7Y6           FDRE                                         r  process/top/l1/memory_cell_instances[4].mem_cell/result_signals\\.value_reg[6]/D
  -------------------------------------------------------------------    -------------------





