Copyright 1986-2022 Xilinx, Inc. All Rights Reserved. Copyright 2022-2023 Advanced Micro Devices, Inc. All Rights Reserved.
---------------------------------------------------------------------------------------------------------------------------------------------
| Tool Version : Vivado v.2023.2 (win64) Build 4029153 Fri Oct 13 20:14:34 MDT 2023
| Date         : Mon Sep  7 12:32:29 2026
| Host         : Justin running 64-bit major release  (build 9200)
| Command      : report_drc -file Sandbox_drc_opted.rpt -pb Sandbox_drc_opted.pb -rpx Sandbox_drc_opted.rpx
| Design       : Sandbox
| Device       : xc7a35tcpg236-1
| Speed File   : -1
| Design State : Synthesized
---------------------------------------------------------------------------------------------------------------------------------------------

Report DRC

Table of Contents
-----------------
1. REPORT SUMMARY
2. REPORT DETAILS

1. REPORT SUMMARY
-----------------
            Netlist: netlist
          Floorplan: design_1
      Design limits: <entire design considered>
           Ruledeck: default
             Max violations: <unlimited>
             Violations found: 1
+-------------+----------+-------------------------------------------------------------+------------+
| Rule        | Severity | Description                                                 | Violations |
+-------------+----------+-------------------------------------------------------------+------------+
| PLHOLDVIO-2 | Warning  | Non-Optimal connections which could lead to hold violations | 1          |
+-------------+----------+-------------------------------------------------------------+------------+

2. REPORT DETAILS
-----------------
PLHOLDVIO-2#1 Warning
Non-Optimal connections which could lead to hold violations  
A LUT dataInterface/uart/receiver/dataCounter[3]_i_3 is driving clock pin of 6 cells. This could lead to large hold time violations. Involved cells are:
dataInterface/uart/receiver/dataCounter_reg[0],
dataInterface/uart/receiver/dataCounter_reg[1],
dataInterface/uart/receiver/dataCounter_reg[2],
dataInterface/uart/receiver/dataCounter_reg[3],
dataInterface/uart/receiver/register_reg[0]
dataInterface/uart/receiver/register_reg[1]_srl7
Related violations: <none>


