case__91: 
logic__218: 
case__65: 
logic__256: 
UART: 
case__84: 
logic__142: 
logic: 
datapath__12: 
bdb_DFF: 
datapath__3: 
case__81: 
case__2: 
logic__156: 
case__59: 
case__104: 
reg__46: 
reg__41: 
case__31: 
case__39: 
Resetter: 
case__6: 
case__139: 
case__38: 
case__103: 
logic__281: 
case__32: 
logic__282: 
datapath__5: 
case__116: 
case__30: 
logic__21: 
counter__1: 
muxpart__1: 
reg__42: 
muxpart__43: 
case__61: 
logic__223: 
logic__3: 
muxpart__39: 
reg__39: 
reg__29: 
case__88: 
case__34: 
logic__157: 
reg__64: 
logic__39: 
logic__257: 
case__67: 
reg__14: 
logic__191: 
case__85: 
case__98: 
logic__278: 
reg__63: 
muxpart__42: 
muxpart__36: 
case__9: 
case__94: 
reg__19: 
case__79: 
counter: 
logic__283: 
datapath__18: 
logic__181: 
logic__255: 
case__117: 
reg__72: 
reg__48: 
logic__75: 
logic__210: 
case__68: 
logic__51: 
logic__217: 
logic__79: 
reg__12: 
logic__269: 
logic__30: 
case__152: 
res_DFF: 
reg__73: 
ClockDivider__parameterized0: 
case__80: 
case__140: 
datapath__21: 
case__36: 
logic__233: 
logic__162: 
logic__296: 
logic__109: 
datapath__28: 
case__5: 
logic__147: 
logic__279: 
logic__82: 
logic__174: 
UARTTransmitter: 
datapath__1: 
logic__244: 
case__63: 
datapath__25: 
reg__6: 
datapath__16: 
case__18: 
logic__80: 
logic__146: 
case__7: 
MemoryCell: 
Sandbox: 
reg__24: 
case__121: 
case__107: 
WideUARTIO: 
logic__81: 
datapath__8: 
logic__29: 
case__40: 
case__89: 
datapath__26: 
logic__187: 
case__17: 
logic__22: 
case__146: 
datapath__14: 
datapath__10: 
datapath__9: 
case__64: 
reg__54: 
muxpart__47: 
muxpart__40: 
datapath__27: 
reg__65: 
datapath__24: 
reg__11: 
logic__16: 
logic__37: 
reg__31: 
case__151: 
logic__83: 
reg__50: 
case__86: 
logic__167: 
logic__260: 
logic__26: 
ClockDivider: 
logic__241: 
logic__160: 
datapath__17: 
logic__248: 
reg__7: 
case__122: 
reg__60: 
logic__140: 
case__100: 
case__115: 
case__96: 
datapath__20: 
logic__238: 
case__66: 
logic__172: 
reg__3: 
case__90: 
reg__10: 
logic__108: 
muxpart__48: 
case__153: 
case__93: 
logic__17: 
muxpart__2: 
case__3: 
reg__58: 
logic__166: 
reg__40: 
logic__151: 
logic__280: 
reg__44: 
reg__51: 
logic__20: 
logic__152: 
case__97: 
case__147: 
case__60: 
reg__71: 
reg__57: 
logic__163: 
logic__276: 
NodeCombinator: 
logic__195: 
logic__328: 
reg__45: 
logic__214: 
reg__59: 
case__113: 
reg__8: 
case__143: 
reg__43: 
case__112: 
reg__5: 
logic__15: 
logic__135: 
datapath__4: 
reg__28: 
case__123: 
case__102: 
reg__15: 
datapath__15: 
logic__329: 
logic__110: 
muxpart__49: 
reg__61: 
reg__75: 
case__33: 
case__83: 
UARTReceiver: 
logic__12: 
logic__190: 
case__82: 
logic__42: 
reg__36: 
logic__141: 
reg__16: 
case__145: 
case__138: 
logic__228: 
reg__52: 
logic__266: 
logic__198: 
logic__252: 
case__15: 
reg__35: 
reg__56: 
case__1: 
datapath__2: 
datapath__19: 
case__148: 
ButtonDebouncer: 
case__106: 
reg__67: 
logic__232: 
case__150: 
logic__204: 
reg__2: 
logic__38: 
reg__9: 
ESFATop: 
case__4: 
logic__240: 
logic__25: 
datapath__23: 
logic__153: 
case__101: 
logic__179: 
reg__27: 
case: 
case__58: 
reg__53: 
case__120: 
reg__55: 
reg__20: 
logic__300: 
case__29: 
SandboxProcess: 
datapath__6: 
muxpart__3: 
logic__294: 
case__141: 
reg: 
reg__49: 
reg__70: 
logic__292: 
logic__145: 
reg__47: 
logic__46: 
reg__25: 
logic__295: 
case__92: 
logic__136: 
reg__1: 
logic__201: 
ESFADesign: 
datapath__11: 
datapath__29: 
ClockDivider__parameterized1: 
case__62: 
case__144: 
reg__13: 
case__114: 
logic__78: 
datapath__13: 
logic__212: 
logic__9: 
logic__175: 
case__8: 
case__110: 
reg__76: 
case__154: 
datapath__7: 
case__19: 
logic__31: 
reg__21: 
case__78: 
logic__277: 
case__87: 
reg__74: 
logic__173: 
logic__301: 
logic__150: 
logic__213: 
logic__263: 
reg__66: 
case__35: 
logic__176: 
logic__180: 
datapath__22: 
muxpart__45: 
logic__200: 
case__14: 
logic__284: 
muxpart__34: 
case__118: 
logic__231: 
logic__251: 
reg__30: 
logic__186: 
reg__4: 
case__119: 
logic__161: 
case__149: 
logic__205: 
logic__239: 
muxpart__37: 
reg__62: 
logic__139: 
datapath: 
logic__199: 
logic__297: 
case__37: 
reg__34: 
reg__26: 
case__142: 
logic__52: 
logic__293: 
muxpart: 
logic__211: 
